Microchip MPLAB XC8 Compiler V1.36 ()

Linker command line:

-W-3 --edf=C:\Program Files (x86)\Microchip\xc8\v1.36\dat\en_msgs.txt -cs \
  -h+dist/default/production\HCSR.X.production.sym \
  --cmf=dist/default/production\HCSR.X.production.cmf -z -Q16F883 \
  -oC:\Users\Fu\AppData\Local\Temp\s1gs.2 \
  -Mdist/default/production/HCSR.X.production.map -E1 -ver=XC8 \
  -ASTACK=0120h-016fh -pstack=STACK -ACODE=00h-07FFhx2 -ASTRCODE=00h-0FFFh \
  -ASTRING=00h-0FFhx16 -ACONST=00h-0FFhx16 -AENTRY=00h-0FFhx16 \
  -ACOMMON=070h-07Fh -ABANK0=020h-06Fh -ABANK1=0A0h-0EFh \
  -ABANK2=0120h-016Fh -ARAM=020h-06Fh,0A0h-0EFh,0120h-016Fh \
  -AABS1=020h-07Fh,0A0h-0EFh,0120h-016Fh -ASFR0=00h-01Fh -ASFR1=080h-09Fh \
  -ASFR2=0100h-011Fh -ASFR3=0180h-01EFh \
  -preset_vec=00h,intentry=04h,init,end_init -ppowerup=CODE -pcinit=CODE \
  -pfunctab=CODE -ACONFIG=02007h-02008h -pconfig=CONFIG -DCONFIG=2 \
  -AIDLOC=02000h-02003h -pidloc=IDLOC -DIDLOC=2 -AEEDATA=00h-0FFh/02100h \
  -peeprom_data=EEDATA -DEEDATA=2 -DCODE=2 -DSTRCODE=2 -DSTRING=2 -DCONST=2 \
  -DENTRY=2 -k C:\Users\Fu\AppData\Local\Temp\s1gs.obj \
  dist/default/production\HCSR.X.production.obj 

Object code version is 3.11

Machine type is 16F883



                Name                               Link     Load   Length Selector   Space Scale
C:\Users\Fu\AppData\Local\Temp\s1gs.obj
                end_init                             11       11        2        8       0
                reset_vec                             0        0        2        0       0
                config                             2007     2007        2     400E       0
dist/default/production\HCSR.X.production.obj
                cinit                                13       13       29        8       0
                intentry                              4        4        D        8       0
                text21                              420      420       6E        8       0
                text20                              615      615       3E        8       0
                text19                              68F      68F       34      D1E       0
                text18                              2E2      2E2       AF        8       0
                text17                               3C       3C       EF        8       0
                text16                              48E      48E       56        8       0
                text15                              5D7      5D7       3E        8       0
                text14                              7D4      7D4        1      D1E       0
                text13                              6C3      6C3       31      D1E       0
                text12                              7A3      7A3       13      D1E       0
                text11                              721      721       23      D1E       0
                text10                              211      211       D1        8       0
                text9                               7B6      7B6       10      D1E       0
                text8                               6F4      6F4       2D      D1E       0
                text7                               765      765       21      D1E       0
                text6                               744      744       21      D1E       0
                text5                               4E4      4E4       54        8       0
                text4                               786      786       1D      D1E       0
                text3                               538      538       51        8       0
                text2                               391      391       8F        8       0
                text1                               12B      12B       E6        8       0
                maintext                            589      589       4E        8       0
                cstackBANK0                          20       20       30       20       1
                cstackCOMMON                         70       70        8       70       1
                clrtext                             7C6      7C6        8      D1E       0
                bssBANK1                             A0       A0       10       A0       1
                dataBANK0                            69       69        6       20       1
                bssBANK0                             50       50       19       20       1
                bssCOMMON                            78       78        2       70       1
                nvBANK0                              6F       6F        1       20       1
                strings                             653      653       3C      CA6       0
                idataBANK0                          7CE      7CE        6      D1E       0

TOTAL           Name                               Link     Load   Length     Space
        CLASS   STACK          

        CLASS   CODE           
                end_init                             11       11        2         0
                cinit                                13       13       29         0
                intentry                              4        4        D         0
                reset_vec                             0        0        2         0
                text21                              420      420       6E         0
                text20                              615      615       3E         0
                text19                              68F      68F       34         0
                text18                              2E2      2E2       AF         0
                text17                               3C       3C       EF         0
                text16                              48E      48E       56         0
                text15                              5D7      5D7       3E         0
                text14                              7D4      7D4        1         0
                text13                              6C3      6C3       31         0
                text12                              7A3      7A3       13         0
                text11                              721      721       23         0
                text10                              211      211       D1         0
                text9                               7B6      7B6       10         0
                text8                               6F4      6F4       2D         0
                text7                               765      765       21         0
                text6                               744      744       21         0
                text5                               4E4      4E4       54         0
                text4                               786      786       1D         0
                text3                               538      538       51         0
                text2                               391      391       8F         0
                text1                               12B      12B       E6         0
                maintext                            589      589       4E         0
                clrtext                             7C6      7C6        8         0
                idataBANK0                          7CE      7CE        6         0

        CLASS   STRCODE        

        CLASS   STRING         
                strings                             653      653       3C         0

        CLASS   CONST          

        CLASS   ENTRY          

        CLASS   COMMON         
                cstackCOMMON                         70       70        8         1
                bssCOMMON                            78       78        2         1

        CLASS   BANK0          
                cstackBANK0                          20       20       30         1
                dataBANK0                            69       69        6         1
                bssBANK0                             50       50       19         1
                nvBANK0                              6F       6F        1         1

        CLASS   BANK1          
                bssBANK1                             A0       A0       10         1

        CLASS   BANK2          

        CLASS   RAM            

        CLASS   ABS1           
                abs_s1                               7E       7E        2         1

        CLASS   SFR0           

        CLASS   SFR1           

        CLASS   SFR2           

        CLASS   SFR3           

        CLASS   CONFIG         
                config                             2007     2007        2         0

        CLASS   IDLOC          

        CLASS   EEDATA         

        CLASS   BANK3          



SEGMENTS        Name                           Load    Length   Top    Selector   Space  Class     Delta

                reset_vec                      000000  000002  000002         0       0  CODE        2
                intentry                       000004  00064F  000653         8       0  CODE        2
                cstackBANK0                    000020  000050  000070        20       1  BANK0       1
                cstackCOMMON                   000070  00000A  00007A        70       1  COMMON      1
                bssBANK1                       0000A0  000010  0000B0        A0       1  BANK1       1
                strings                        000653  00003C  00068F       CA6       0  STRING      2
                text19                         00068F  000146  0007D5       D1E       0  CODE        2
                config                         002007  000002  002009      400E       0  CONFIG      2


UNUSED ADDRESS RANGES

        Name                Unused          Largest block    Delta
        BANK1            00B0-00EF             40           1
        BANK2            0120-016F             50           1
        CODE             0002-0003              2           2
                         07D5-0FFF             2B
        COMMON           007A-007D              4           1
        CONST            0002-0003              2           2
                         07D5-0FFF            100
        EEDATA           2100-21FF            100           2
        ENTRY            0002-0003              2           2
                         07D5-0FFF            100
        IDLOC            2000-2003              4           2
        RAM              00B0-00EF             40           1
                         0120-016F             50
        SFR0             0000-001F             20           1
        SFR1             0080-009F             20           1
        SFR2             0100-011F             20           1
        SFR3             0180-01EF             70           1
        STACK            0120-016F             50           1
        STRCODE          0002-0003              2           2
                         07D5-0FFF            82B
        STRING           0002-0003              2           2
                         07D5-0FFF            100

                                  Symbol Table

?___aldiv                    cstackBANK0  0020
?___lwdiv                    cstackCOMMON 0074
?___lwmod                    cstackBANK0  0024
?_sprintf                    cstackBANK0  002A
CalcularDistancia@d0         cstackBANK0  0044
CalcularDistancia@d1         cstackBANK0  0046
CalcularDistancia@d2         cstackBANK0  0048
CalcularDistancia@d3         cstackBANK0  004A
CalcularDistancia@distancia1 cstackBANK0  003F
CalcularDistancia@distancia2 cstackBANK0  0040
CalcularDistancia@distancia3 cstackBANK0  0041
CalcularDistancia@distancia4 cstackBANK0  0042
CalcularDistancia@t0         cstackBANK0  0037
CalcularDistancia@t1         cstackBANK0  0039
CalcularDistancia@t2         cstackBANK0  003B
CalcularDistancia@t3         cstackBANK0  003D
PrintDistancias@dist1        cstackBANK0  002B
PrintDistancias@dist2        cstackBANK0  0028
PrintDistancias@dist3        cstackBANK0  0029
PrintDistancias@dist4        cstackBANK0  002A
UART_Init@baudrate           cstackBANK0  002E
UART_Init@x                  cstackCOMMON 0075
_ANSELH                      (abs)        0189
_BRGH                        (abs)        04C2
_CREN                        (abs)        00C4
_CalcularDistancia           text17       003C
_GIE                         (abs)        005F
_INTCON                      (abs)        000B
_IOCB                        (abs)        0096
_Inicializaciones            text8        06F4
_OSCCON                      (abs)        008F
_PORTB                       (abs)        0006
_PrintDistancias             text5        04E4
_RB0                         (abs)        0030
_RB1                         (abs)        0031
_RB2                         (abs)        0032
_RB3                         (abs)        0033
_RB4                         (abs)        0034
_RB5                         (abs)        0035
_RB6                         (abs)        0036
_RB7                         (abs)        0037
_RBIE                        (abs)        005B
_RBIF                        (abs)        0058
_RC0                         (abs)        0038
_RC1                         (abs)        0039
_RC2                         (abs)        003A
_RC3                         (abs)        003B
_RC4                         (abs)        003C
_RC5                         (abs)        003D
_RCIF                        (abs)        0065
_RCREG                       (abs)        001A
_ResetEcho                   text4        0786
_SPBRG                       (abs)        0099
_SPEN                        (abs)        00C7
_SYNC                        (abs)        04C4
_T1CON                       (abs)        0010
_TMR1                        (abs)        000E
_TMR1ON                      (abs)        0080
_TRISB                       (abs)        0086
_TRISC0                      (abs)        0438
_TRISC1                      (abs)        0439
_TRISC2                      (abs)        043A
_TRISC3                      (abs)        043B
_TRISC4                      (abs)        043C
_TRISC5                      (abs)        043D
_TRISC6                      (abs)        043E
_TRISC7                      (abs)        043F
_TRMT                        (abs)        04C1
_TXEN                        (abs)        04C5
_TXREG                       (abs)        0019
_Trigger                     text3        0538
_UART_Init                   text1        012B
__CFG_BOR4V$BOR21V           (abs)        0000
__CFG_BOREN$ON               (abs)        0000
__CFG_CP$OFF                 (abs)        0000
__CFG_CPD$OFF                (abs)        0000
__CFG_FCMEN$ON               (abs)        0000
__CFG_FOSC$INTRC_CLKOUT      (abs)        0000
__CFG_IESO$ON                (abs)        0000
__CFG_LVP$OFF                (abs)        0000
__CFG_MCLRE$ON               (abs)        0000
__CFG_PWRTE$OFF              (abs)        0000
__CFG_WDTE$OFF               (abs)        0000
__CFG_WRT$OFF                (abs)        0000
__Habs1                      abs1         0000
__Hbank0                     bank0        0000
__Hbank1                     bank1        0000
__Hbank2                     bank2        0000
__Hbank3                     bank3        0000
__HbssBANK0                  bssBANK0     0000
__HbssBANK1                  bssBANK1     0000
__HbssCOMMON                 bssCOMMON    0000
__Hcinit                     cinit        003C
__Hclrtext                   clrtext      0000
__Hcode                      code         0000
__Hcommon                    common       0000
__Hconfig                    config       2009
__HcstackBANK0               cstackBANK0  0000
__HcstackCOMMON              cstackCOMMON 0000
__HdataBANK0                 dataBANK0    0000
__Heeprom_data               eeprom_data  0000
__Hend_init                  end_init     0013
__Hfunctab                   functab      0000
__HidataBANK0                idataBANK0   0000
__Hidloc                     idloc        0000
__Hinit                      init         0011
__Hintentry                  intentry     0011
__Hmaintext                  maintext     0000
__HnvBANK0                   nvBANK0      0000
__Hpowerup                   powerup      0000
__Hram                       ram          0000
__Hreset_vec                 reset_vec    0002
__Hsfr0                      sfr0         0000
__Hsfr1                      sfr1         0000
__Hsfr2                      sfr2         0000
__Hsfr3                      sfr3         0000
__Hspace_0                   (abs)        2009
__Hspace_1                   (abs)        00B0
__Hspace_2                   (abs)        0000
__Hspace_3                   (abs)        0000
__Hstack                     stack        0000
__Hstrings                   strings      0000
__Htext                      text         0000
__Labs1                      abs1         0000
__Lbank0                     bank0        0000
__Lbank1                     bank1        0000
__Lbank2                     bank2        0000
__Lbank3                     bank3        0000
__LbssBANK0                  bssBANK0     0000
__LbssBANK1                  bssBANK1     0000
__LbssCOMMON                 bssCOMMON    0000
__Lcinit                     cinit        0013
__Lclrtext                   clrtext      0000
__Lcode                      code         0000
__Lcommon                    common       0000
__Lconfig                    config       2007
__LcstackBANK0               cstackBANK0  0000
__LcstackCOMMON              cstackCOMMON 0000
__LdataBANK0                 dataBANK0    0000
__Leeprom_data               eeprom_data  0000
__Lend_init                  end_init     0011
__Lfunctab                   functab      0000
__LidataBANK0                idataBANK0   0000
__Lidloc                     idloc        0000
__Linit                      init         0011
__Lintentry                  intentry     0004
__Lmaintext                  maintext     0000
__LnvBANK0                   nvBANK0      0000
__Lpowerup                   powerup      0000
__Lram                       ram          0000
__Lreset_vec                 reset_vec    0000
__Lsfr0                      sfr0         0000
__Lsfr1                      sfr1         0000
__Lsfr2                      sfr2         0000
__Lsfr3                      sfr3         0000
__Lspace_0                   (abs)        0000
__Lspace_1                   (abs)        0000
__Lspace_2                   (abs)        0000
__Lspace_3                   (abs)        0000
__Lstack                     stack        0000
__Lstrings                   strings      0000
__Ltext                      text         0000
__S0                         (abs)        2009
__S1                         (abs)        00B0
__S2                         (abs)        0000
__S3                         (abs)        0000
___aldiv                     text2        0391
___aldiv@counter             cstackBANK0  0028
___aldiv@dividend            cstackBANK0  0024
___aldiv@divisor             cstackBANK0  0020
___aldiv@quotient            cstackBANK0  002A
___aldiv@sign                cstackBANK0  0029
___int_sp                    stack        0000
___latbits                   (abs)        0001
___lwdiv                     text20       0615
___lwdiv@counter             cstackBANK0  0021
___lwdiv@dividend            cstackCOMMON 0076
___lwdiv@divisor             cstackCOMMON 0074
___lwdiv@quotient            cstackBANK0  0022
___lwmod                     text19       068F
___lwmod@counter             cstackBANK0  0029
___lwmod@dividend            cstackBANK0  0026
___lwmod@divisor             cstackBANK0  0024
___sp                        stack        0000
__end_of_CalcularDistancia   text17       012B
__end_of_Inicializaciones    text8        0721
__end_of_PrintDistancias     text5        0538
__end_of_ResetEcho           text4        07A3
__end_of_Trigger             text3        0589
__end_of_UART_Init           text1        0211
__end_of___aldiv             text2        0420
__end_of___lwdiv             text20       0653
__end_of___lwmod             text19       06C3
__end_of__initialization     cinit        0039
__end_of__stringtab          strings      0663
__end_of_dpowers             strings      066D
__end_of_echo                text21       048E
__end_of_lcd_clear           text12       07B6
__end_of_lcd_goto            text7        0786
__end_of_lcd_init            text10       02E2
__end_of_lcd_ioinit          text11       0744
__end_of_lcd_ioset           text16       04E4
__end_of_lcd_iowrite4        text15       0615
__end_of_lcd_iowrite8        text14       07D5
__end_of_lcd_on              text9        07C6
__end_of_lcd_puts            text6        0765
__end_of_lcd_send            text13       06F4
__end_of_main                maintext     05D7
__end_of_rowaddr             strings      0671
__end_of_sprintf             text18       0391
__initialization             cinit        0013
__pbssBANK0                  bssBANK0     0050
__pbssBANK1                  bssBANK1     00A0
__pbssCOMMON                 bssCOMMON    0078
__pcstackBANK0               cstackBANK0  0020
__pcstackCOMMON              cstackCOMMON 0070
__pdataBANK0                 dataBANK0    0069
__pidataBANK0                idataBANK0   07CE
__pintentry                  intentry     0004
__pmaintext                  maintext     0589
__pnvBANK0                   nvBANK0      006F
__pstrings                   strings      0653
__ptext1                     text1        012B
__ptext10                    text10       0211
__ptext11                    text11       0721
__ptext12                    text12       07A3
__ptext13                    text13       06C3
__ptext14                    text14       07D4
__ptext15                    text15       05D7
__ptext16                    text16       048E
__ptext17                    text17       003C
__ptext18                    text18       02E2
__ptext19                    text19       068F
__ptext2                     text2        0391
__ptext20                    text20       0615
__ptext21                    text21       0420
__ptext3                     text3        0538
__ptext4                     text4        0786
__ptext5                     text5        04E4
__ptext6                     text6        0744
__ptext7                     text7        0765
__ptext8                     text8        06F4
__ptext9                     text9        07B6
__size_of_CalcularDistancia  (abs)        0000
__size_of_Inicializaciones   (abs)        0000
__size_of_PrintDistancias    (abs)        0000
__size_of_ResetEcho          (abs)        0000
__size_of_Trigger            (abs)        0000
__size_of_UART_Init          (abs)        0000
__size_of___aldiv            (abs)        0000
__size_of___lwdiv            (abs)        0000
__size_of___lwmod            (abs)        0000
__size_of_echo               (abs)        0000
__size_of_lcd_clear          (abs)        0000
__size_of_lcd_goto           (abs)        0000
__size_of_lcd_init           (abs)        0000
__size_of_lcd_ioinit         (abs)        0000
__size_of_lcd_ioset          (abs)        0000
__size_of_lcd_iowrite4       (abs)        0000
__size_of_lcd_iowrite8       (abs)        0000
__size_of_lcd_on             (abs)        0000
__size_of_lcd_puts           (abs)        0000
__size_of_lcd_send           (abs)        0000
__size_of_main               (abs)        0000
__size_of_sprintf            (abs)        0000
__stringbase                 strings      0662
__stringtab                  strings      0653
_dispctrl                    bssBANK0     0058
_dist1                       bssBANK0     0059
_dist2                       bssBANK0     0061
_dist3                       bssBANK1     00A0
_dist4                       bssBANK1     00A8
_distancia1                  dataBANK0    006B
_distancia2                  dataBANK0    006C
_distancia3                  dataBANK0    006D
_distancia4                  dataBANK0    006E
_dpowers                     strings      0663
_echo                        text21       0420
_iomode                      nvBANK0      006F
_lcd_clear                   text12       07A3
_lcd_goto                    text7        0765
_lcd_init                    text10       0211
_lcd_ioinit                  text11       0721
_lcd_ioset                   text16       048E
_lcd_iowrite4                text15       05D7
_lcd_iowrite8                text14       07D4
_lcd_on                      text9        07B6
_lcd_puts                    text6        0744
_lcd_send                    text13       06C3
_lcdcolumns                  dataBANK0    0069
_lcdrows                     dataBANK0    006A
_main                        maintext     0589
_rbon                        bssCOMMON    0078
_rowaddr                     strings      066D
_sprintf                     text18       02E2
_t4                          bssBANK0     0050
_t5                          bssBANK0     0052
_t6                          bssBANK0     0054
_t7                          bssBANK0     0056
btemp                        (abs)        007E
clear_ram0                   clrtext      07C6
end_of_initialization        cinit        0039
interrupt_function           intentry     0004
intlevel0                    functab      0000
intlevel1                    functab      0000
intlevel2                    functab      0000
intlevel3                    functab      0000
intlevel4                    functab      0000
intlevel5                    functab      0000
lcd_goto@col                 cstackBANK0  0027
lcd_goto@row                 cstackBANK0  0025
lcd_init@cols                cstackBANK0  0025
lcd_init@iodata              cstackBANK0  002A
lcd_init@rows                cstackBANK0  0026
lcd_ioinit@i                 cstackBANK0  0021
lcd_ioinit@iodata            cstackBANK0  0020
lcd_ioset@out                cstackCOMMON 0074
lcd_ioset@pin                cstackCOMMON 0075
lcd_iowrite4@data            cstackBANK0  0020
lcd_iowrite4@i               cstackBANK0  0021
lcd_puts@string              cstackBANK0  0025
lcd_send@data                cstackBANK0  0024
lcd_send@rs                  cstackBANK0  0022
ltemp                        (abs)        007E
ltemp0                       (abs)        007E
ltemp1                       (abs)        0082
ltemp2                       (abs)        0086
ltemp3                       (abs)        0080
reset_vec                    reset_vec    0000
saved_w                      (abs)        007E
sprintf@ap                   cstackBANK0  0031
sprintf@c                    cstackBANK0  0036
sprintf@f                    cstackBANK0  002A
sprintf@flag                 cstackBANK0  0030
sprintf@prec                 cstackBANK0  0034
sprintf@sp                   cstackBANK0  0035
sprintf@val                  cstackBANK0  0032
stackhi                      (abs)        0000
stacklo                      (abs)        0000
start                        init         0011
start_initialization         cinit        0013
ttemp                        (abs)        007E
ttemp0                       (abs)        007E
ttemp1                       (abs)        0081
ttemp2                       (abs)        0084
ttemp3                       (abs)        0087
ttemp4                       (abs)        007F
wtemp                        (abs)        007E
wtemp0                       (abs)        007E
wtemp1                       (abs)        0080
wtemp2                       (abs)        0082
wtemp3                       (abs)        0084
wtemp4                       (abs)        0086
wtemp5                       (abs)        0088
wtemp6                       (abs)        007F


FUNCTION INFORMATION:

 *************** function _main *****************
 Defined at:
		line 49 in file "main.c"
 Parameters:    Size  Location     Type
		None
 Auto vars:     Size  Location     Type
		None
 Return value:  Size  Location     Type
                  1    wreg      void 
 Registers used:
		wreg, fsr0l, fsr0h, status,2, status,0, btemp+1, pclath, cstack
 Tracked objects:
		On entry : 
		On exit  : 
		Unchanged: 
 Data sizes:     COMMON   BANK0   BANK1   BANK2
      Params:         0       0       0       0
      Locals:         0       0       0       0
      Temps:          0       4       0       0
      Totals:         0       4       0       0
Total ram usage:        4 bytes
 Hardware stack levels required when called:    6
 This function calls:
		_CalcularDistancia
		_Inicializaciones
		_PrintDistancias
		_ResetEcho
		_Trigger
		_UART_Init
 This function is called by:
		Startup code after reset
 This function uses a non-reentrant model


 *************** function _UART_Init *****************
 Defined at:
		line 3 in file "Uart.c"
 Parameters:    Size  Location     Type
  baudrate        4   14[BANK0 ] const long 
 Auto vars:     Size  Location     Type
  x               2    5[COMMON] unsigned int 
 Return value:  Size  Location     Type
                  1    wreg      unsigned char 
 Registers used:
		wreg, status,2, status,0, pclath, cstack
 Tracked objects:
		On entry : 
		On exit  : 
		Unchanged: 
 Data sizes:     COMMON   BANK0   BANK1   BANK2
      Params:         0       4       0       0
      Locals:         2       0       0       0
      Temps:          0      12       0       0
      Totals:         2      16       0       0
Total ram usage:       18 bytes
 Hardware stack levels used:    1
 Hardware stack levels required when called:    2
 This function calls:
		___aldiv
 This function is called by:
		_main
 This function uses a non-reentrant model


 *************** function ___aldiv *****************
 Defined at:
		line 6 in file "C:\Program Files (x86)\Microchip\xc8\v1.36\sources\common\aldiv.c"
 Parameters:    Size  Location     Type
  divisor         4    0[BANK0 ] long 
  dividend        4    4[BANK0 ] long 
 Auto vars:     Size  Location     Type
  quotient        4   10[BANK0 ] long 
  sign            1    9[BANK0 ] unsigned char 
  counter         1    8[BANK0 ] unsigned char 
 Return value:  Size  Location     Type
                  4    0[BANK0 ] long 
 Registers used:
		wreg, status,2, status,0
 Tracked objects:
		On entry : 
		On exit  : 
		Unchanged: 
 Data sizes:     COMMON   BANK0   BANK1   BANK2
      Params:         0       8       0       0
      Locals:         0       6       0       0
      Temps:          1       0       0       0
      Totals:         1      14       0       0
Total ram usage:       15 bytes
 Hardware stack levels used:    1
 Hardware stack levels required when called:    1
 This function calls:
		Nothing
 This function is called by:
		_UART_Init
 This function uses a non-reentrant model


 *************** function _Trigger *****************
 Defined at:
		line 31 in file "Funciones.c"
 Parameters:    Size  Location     Type
		None
 Auto vars:     Size  Location     Type
		None
 Return value:  Size  Location     Type
                  1    wreg      void 
 Registers used:
		wreg
 Tracked objects:
		On entry : 
		On exit  : 
		Unchanged: 
 Data sizes:     COMMON   BANK0   BANK1   BANK2
      Params:         0       0       0       0
      Locals:         0       0       0       0
      Temps:          2       0       0       0
      Totals:         2       0       0       0
Total ram usage:        2 bytes
 Hardware stack levels used:    1
 Hardware stack levels required when called:    1
 This function calls:
		Nothing
 This function is called by:
		_main
 This function uses a non-reentrant model


 *************** function _ResetEcho *****************
 Defined at:
		line 108 in file "Funciones.c"
 Parameters:    Size  Location     Type
		None
 Auto vars:     Size  Location     Type
		None
 Return value:  Size  Location     Type
                  1    wreg      void 
 Registers used:
		wreg, status,2
 Tracked objects:
		On entry : 
		On exit  : 
		Unchanged: 
 Data sizes:     COMMON   BANK0   BANK1   BANK2
      Params:         0       0       0       0
      Locals:         0       0       0       0
      Temps:          2       0       0       0
      Totals:         2       0       0       0
Total ram usage:        2 bytes
 Hardware stack levels used:    1
 Hardware stack levels required when called:    1
 This function calls:
		Nothing
 This function is called by:
		_main
 This function uses a non-reentrant model


 *************** function _PrintDistancias *****************
 Defined at:
		line 83 in file "Funciones.c"
 Parameters:    Size  Location     Type
  dist1           1    wreg     PTR unsigned char 
		 -> dist1(8), 
  dist2           1    8[BANK0 ] PTR unsigned char 
		 -> dist2(8), 
  dist3           1    9[BANK0 ] PTR unsigned char 
		 -> dist3(8), 
  dist4           1   10[BANK0 ] PTR unsigned char 
		 -> dist4(8), 
 Auto vars:     Size  Location     Type
  dist1           1   11[BANK0 ] PTR unsigned char 
		 -> dist1(8), 
 Return value:  Size  Location     Type
                  1    wreg      void 
 Registers used:
		wreg, fsr0l, fsr0h, status,2, status,0, btemp+1, pclath, cstack
 Tracked objects:
		On entry : 
		On exit  : 
		Unchanged: 
 Data sizes:     COMMON   BANK0   BANK1   BANK2
      Params:         0       3       0       0
      Locals:         0       1       0       0
      Temps:          0       0       0       0
      Totals:         0       4       0       0
Total ram usage:        4 bytes
 Hardware stack levels used:    1
 Hardware stack levels required when called:    5
 This function calls:
		_lcd_goto
		_lcd_puts
 This function is called by:
		_main
 This function uses a non-reentrant model


 *************** function _lcd_puts *****************
 Defined at:
		line 178 in file "LCD.c"
 Parameters:    Size  Location     Type
  string          2    5[BANK0 ] PTR const unsigned char 
		 -> dist4(8), dist3(8), dist2(8), dist1(8), 
		 -> STR_13(12), 
 Auto vars:     Size  Location     Type
		None
 Return value:  Size  Location     Type
                  1    wreg      void 
 Registers used:
		wreg, fsr0l, fsr0h, status,2, status,0, btemp+1, pclath, cstack
 Tracked objects:
		On entry : 
		On exit  : 
		Unchanged: 
 Data sizes:     COMMON   BANK0   BANK1   BANK2
      Params:         0       2       0       0
      Locals:         0       0       0       0
      Temps:          0       0       0       0
      Totals:         0       2       0       0
Total ram usage:        2 bytes
 Hardware stack levels used:    1
 Hardware stack levels required when called:    4
 This function calls:
		_lcd_send
 This function is called by:
		_PrintDistancias
 This function uses a non-reentrant model


 *************** function _lcd_goto *****************
 Defined at:
		line 149 in file "LCD.c"
 Parameters:    Size  Location     Type
  col             1    wreg     unsigned char 
  row             1    5[BANK0 ] unsigned char 
 Auto vars:     Size  Location     Type
  col             1    7[BANK0 ] unsigned char 
 Return value:  Size  Location     Type
                  1    wreg      void 
 Registers used:
		wreg, fsr0l, fsr0h, status,2, status,0, pclath, cstack
 Tracked objects:
		On entry : 
		On exit  : 
		Unchanged: 
 Data sizes:     COMMON   BANK0   BANK1   BANK2
      Params:         0       1       0       0
      Locals:         0       1       0       0
      Temps:          0       1       0       0
      Totals:         0       3       0       0
Total ram usage:        3 bytes
 Hardware stack levels used:    1
 Hardware stack levels required when called:    4
 This function calls:
		_lcd_send
 This function is called by:
		_PrintDistancias
 This function uses a non-reentrant model


 *************** function _Inicializaciones *****************
 Defined at:
		line 6 in file "Funciones.c"
 Parameters:    Size  Location     Type
		None
 Auto vars:     Size  Location     Type
		None
 Return value:  Size  Location     Type
                  1    wreg      void 
 Registers used:
		wreg, fsr0l, fsr0h, status,2, status,0, pclath, cstack
 Tracked objects:
		On entry : 
		On exit  : 
		Unchanged: 
 Data sizes:     COMMON   BANK0   BANK1   BANK2
      Params:         0       0       0       0
      Locals:         0       0       0       0
      Temps:          0       2       0       0
      Totals:         0       2       0       0
Total ram usage:        2 bytes
 Hardware stack levels used:    1
 Hardware stack levels required when called:    5
 This function calls:
		_lcd_clear
		_lcd_init
		_lcd_on
 This function is called by:
		_main
 This function uses a non-reentrant model


 *************** function _lcd_on *****************
 Defined at:
		line 91 in file "LCD.c"
 Parameters:    Size  Location     Type
		None
 Auto vars:     Size  Location     Type
		None
 Return value:  Size  Location     Type
                  1    wreg      void 
 Registers used:
		wreg, fsr0l, fsr0h, status,2, status,0, pclath, cstack
 Tracked objects:
		On entry : 
		On exit  : 
		Unchanged: 
 Data sizes:     COMMON   BANK0   BANK1   BANK2
      Params:         0       0       0       0
      Locals:         0       0       0       0
      Temps:          0       1       0       0
      Totals:         0       1       0       0
Total ram usage:        1 bytes
 Hardware stack levels used:    1
 Hardware stack levels required when called:    4
 This function calls:
		_lcd_send
 This function is called by:
		_Inicializaciones
 This function uses a non-reentrant model


 *************** function _lcd_init *****************
 Defined at:
		line 33 in file "LCD.c"
 Parameters:    Size  Location     Type
  iodata          1    wreg     PTR void 
		 -> NULL(0), 
  cols            1    5[BANK0 ] unsigned char 
  rows            1    6[BANK0 ] unsigned char 
 Auto vars:     Size  Location     Type
  iodata          1   10[BANK0 ] PTR void 
		 -> NULL(0), 
 Return value:  Size  Location     Type
                  1    wreg      unsigned char 
 Registers used:
		wreg, fsr0l, fsr0h, status,2, status,0, pclath, cstack
 Tracked objects:
		On entry : 
		On exit  : 
		Unchanged: 
 Data sizes:     COMMON   BANK0   BANK1   BANK2
      Params:         0       2       0       0
      Locals:         0       1       0       0
      Temps:          0       3       0       0
      Totals:         0       6       0       0
Total ram usage:        6 bytes
 Hardware stack levels used:    1
 Hardware stack levels required when called:    4
 This function calls:
		_lcd_ioinit
		_lcd_iowrite4
		_lcd_send
 This function is called by:
		_Inicializaciones
 This function uses a non-reentrant model


 *************** function _lcd_ioinit *****************
 Defined at:
		line 48 in file "LCD-PIC16.c"
 Parameters:    Size  Location     Type
  iodata          1    wreg     PTR void 
		 -> NULL(0), 
 Auto vars:     Size  Location     Type
  iodata          1    0[BANK0 ] PTR void 
		 -> NULL(0), 
  i               1    1[BANK0 ] unsigned char 
 Return value:  Size  Location     Type
                  1    wreg      unsigned char 
 Registers used:
		wreg, fsr0l, fsr0h, status,2, status,0, pclath, cstack
 Tracked objects:
		On entry : 
		On exit  : 
		Unchanged: 
 Data sizes:     COMMON   BANK0   BANK1   BANK2
      Params:         0       0       0       0
      Locals:         0       2       0       0
      Temps:          1       0       0       0
      Totals:         1       2       0       0
Total ram usage:        3 bytes
 Hardware stack levels used:    1
 Hardware stack levels required when called:    2
 This function calls:
		_lcd_ioset
 This function is called by:
		_lcd_init
 This function uses a non-reentrant model


 *************** function _lcd_clear *****************
 Defined at:
		line 79 in file "LCD.c"
 Parameters:    Size  Location     Type
		None
 Auto vars:     Size  Location     Type
		None
 Return value:  Size  Location     Type
                  1    wreg      void 
 Registers used:
		wreg, fsr0l, fsr0h, status,2, status,0, pclath, cstack
 Tracked objects:
		On entry : 
		On exit  : 
		Unchanged: 
 Data sizes:     COMMON   BANK0   BANK1   BANK2
      Params:         0       0       0       0
      Locals:         0       0       0       0
      Temps:          0       2       0       0
      Totals:         0       2       0       0
Total ram usage:        2 bytes
 Hardware stack levels used:    1
 Hardware stack levels required when called:    4
 This function calls:
		_lcd_send
 This function is called by:
		_Inicializaciones
 This function uses a non-reentrant model


 *************** function _lcd_send *****************
 Defined at:
		line 160 in file "LCD.c"
 Parameters:    Size  Location     Type
  data            1    wreg     unsigned char 
  rs              1    2[BANK0 ] unsigned char 
 Auto vars:     Size  Location     Type
  data            1    4[BANK0 ] unsigned char 
 Return value:  Size  Location     Type
                  1    wreg      void 
 Registers used:
		wreg, fsr0l, fsr0h, status,2, status,0, pclath, cstack
 Tracked objects:
		On entry : 
		On exit  : 
		Unchanged: 
 Data sizes:     COMMON   BANK0   BANK1   BANK2
      Params:         0       1       0       0
      Locals:         0       1       0       0
      Temps:          0       1       0       0
      Totals:         0       3       0       0
Total ram usage:        3 bytes
 Hardware stack levels used:    1
 Hardware stack levels required when called:    3
 This function calls:
		_lcd_ioset
		_lcd_iowrite4
		_lcd_iowrite8
 This function is called by:
		_lcd_init
		_lcd_clear
		_lcd_on
		_lcd_goto
		_lcd_puts
		_lcd_home
		_lcd_off
		_lcd_cursor
		_lcd_cursor_left
		_lcd_cursor_right
		_lcd_scroll_left
		_lcd_scroll_right
		_lcd_autoscroll_on
		_lcd_autoscroll_off
		_lcd_create_char
 This function uses a non-reentrant model


 *************** function _lcd_iowrite8 *****************
 Defined at:
		line 143 in file "LCD-PIC16.c"
 Parameters:    Size  Location     Type
  data            1    wreg     unsigned char 
 Auto vars:     Size  Location     Type
  data            1    0[COMMON] unsigned char 
 Return value:  Size  Location     Type
                  1    wreg      void 
 Registers used:
		wreg
 Tracked objects:
		On entry : 
		On exit  : 
		Unchanged: 
 Data sizes:     COMMON   BANK0   BANK1   BANK2
      Params:         0       0       0       0
      Locals:         0       0       0       0
      Temps:          0       0       0       0
      Totals:         0       0       0       0
Total ram usage:        0 bytes
 Hardware stack levels used:    1
 Hardware stack levels required when called:    1
 This function calls:
		Nothing
 This function is called by:
		_lcd_send
 This function uses a non-reentrant model


 *************** function _lcd_iowrite4 *****************
 Defined at:
		line 129 in file "LCD-PIC16.c"
 Parameters:    Size  Location     Type
  data            1    wreg     unsigned char 
 Auto vars:     Size  Location     Type
  data            1    0[BANK0 ] unsigned char 
  i               1    1[BANK0 ] unsigned char 
 Return value:  Size  Location     Type
                  1    wreg      void 
 Registers used:
		wreg, fsr0l, fsr0h, status,2, status,0, pclath, cstack
 Tracked objects:
		On entry : 
		On exit  : 
		Unchanged: 
 Data sizes:     COMMON   BANK0   BANK1   BANK2
      Params:         0       0       0       0
      Locals:         0       2       0       0
      Temps:          2       0       0       0
      Totals:         2       2       0       0
Total ram usage:        4 bytes
 Hardware stack levels used:    1
 Hardware stack levels required when called:    2
 This function calls:
		_lcd_ioset
 This function is called by:
		_lcd_init
		_lcd_send
 This function uses a non-reentrant model


 *************** function _lcd_ioset *****************
 Defined at:
		line 86 in file "LCD-PIC16.c"
 Parameters:    Size  Location     Type
  pin             1    wreg     enum E42
  out             1    4[COMMON] unsigned char 
 Auto vars:     Size  Location     Type
  pin             1    5[COMMON] enum E42
 Return value:  Size  Location     Type
                  1    wreg      void 
 Registers used:
		wreg, fsr0l, fsr0h, status,2, status,0
 Tracked objects:
		On entry : 
		On exit  : 
		Unchanged: 
 Data sizes:     COMMON   BANK0   BANK1   BANK2
      Params:         1       0       0       0
      Locals:         1       0       0       0
      Temps:          0       0       0       0
      Totals:         2       0       0       0
Total ram usage:        2 bytes
 Hardware stack levels used:    1
 Hardware stack levels required when called:    1
 This function calls:
		Nothing
 This function is called by:
		_lcd_ioinit
		_lcd_iowrite4
		_lcd_send
 This function uses a non-reentrant model


 *************** function _CalcularDistancia *****************
 Defined at:
		line 56 in file "Funciones.c"
 Parameters:    Size  Location     Type
  t0              2   23[BANK0 ] unsigned int 
  t1              2   25[BANK0 ] unsigned int 
  t2              2   27[BANK0 ] unsigned int 
  t3              2   29[BANK0 ] unsigned int 
  distancia1      1   31[BANK0 ] PTR PTR unsigned char 
		 -> distancia1(1), 
  distancia2      1   32[BANK0 ] PTR PTR unsigned char 
		 -> distancia2(1), 
  distancia3      1   33[BANK0 ] PTR PTR unsigned char 
		 -> distancia3(1), 
  distancia4      1   34[BANK0 ] PTR PTR unsigned char 
		 -> distancia4(1), 
 Auto vars:     Size  Location     Type
  d3              2   42[BANK0 ] unsigned int 
  d2              2   40[BANK0 ] unsigned int 
  d1              2   38[BANK0 ] unsigned int 
  d0              2   36[BANK0 ] unsigned int 
 Return value:  Size  Location     Type
                  1    wreg      void 
 Registers used:
		wreg, fsr0l, fsr0h, status,2, status,0, btemp+1, pclath, cstack
 Tracked objects:
		On entry : 
		On exit  : 
		Unchanged: 
 Data sizes:     COMMON   BANK0   BANK1   BANK2
      Params:         0      12       0       0
      Locals:         0       8       0       0
      Temps:          0       1       0       0
      Totals:         0      21       0       0
Total ram usage:       21 bytes
 Hardware stack levels used:    1
 Hardware stack levels required when called:    3
 This function calls:
		___lwdiv
		_sprintf
 This function is called by:
		_main
 This function uses a non-reentrant model


 *************** function _sprintf *****************
 Defined at:
		line 492 in file "C:\Program Files (x86)\Microchip\xc8\v1.36\sources\common\doprnt.c"
 Parameters:    Size  Location     Type
  sp              1    wreg     PTR unsigned char 
		 -> dist4(8), dist3(8), dist2(8), dist1(8), 
  f               1   10[BANK0 ] PTR const unsigned char 
		 -> STR_12(7), STR_11(5), STR_10(6), STR_9(7), 
		 -> STR_8(5), STR_7(6), STR_6(7), STR_5(5), 
		 -> STR_4(6), STR_3(7), STR_2(5), STR_1(6), 
 Auto vars:     Size  Location     Type
  sp              1   21[BANK0 ] PTR unsigned char 
		 -> dist4(8), dist3(8), dist2(8), dist1(8), 
  tmpval          4    0        struct .
  val             2   18[BANK0 ] unsigned int 
  cp              2    0        PTR const unsigned char 
  len             2    0        unsigned int 
  c               1   22[BANK0 ] char 
  prec            1   20[BANK0 ] char 
  ap              1   17[BANK0 ] PTR void [1]
		 -> ?_sprintf(2), 
  flag            1   16[BANK0 ] unsigned char 
 Return value:  Size  Location     Type
                  2   10[BANK0 ] int 
 Registers used:
		wreg, fsr0l, fsr0h, status,2, status,0, btemp+1, pclath, cstack
 Tracked objects:
		On entry : 
		On exit  : 
		Unchanged: 
 Data sizes:     COMMON   BANK0   BANK1   BANK2
      Params:         0       3       0       0
      Locals:         0       7       0       0
      Temps:          0       3       0       0
      Totals:         0      13       0       0
Total ram usage:       13 bytes
 Hardware stack levels used:    1
 Hardware stack levels required when called:    2
 This function calls:
		___lwdiv
		___lwmod
 This function is called by:
		_CalcularDistancia
 This function uses a non-reentrant model


 *************** function ___lwmod *****************
 Defined at:
		line 6 in file "C:\Program Files (x86)\Microchip\xc8\v1.36\sources\common\lwmod.c"
 Parameters:    Size  Location     Type
  divisor         2    4[BANK0 ] unsigned int 
  dividend        2    6[BANK0 ] unsigned int 
 Auto vars:     Size  Location     Type
  counter         1    9[BANK0 ] unsigned char 
 Return value:  Size  Location     Type
                  2    4[BANK0 ] unsigned int 
 Registers used:
		wreg, status,2, status,0
 Tracked objects:
		On entry : 
		On exit  : 
		Unchanged: 
 Data sizes:     COMMON   BANK0   BANK1   BANK2
      Params:         0       4       0       0
      Locals:         0       1       0       0
      Temps:          0       1       0       0
      Totals:         0       6       0       0
Total ram usage:        6 bytes
 Hardware stack levels used:    1
 Hardware stack levels required when called:    1
 This function calls:
		Nothing
 This function is called by:
		_sprintf
 This function uses a non-reentrant model


 *************** function ___lwdiv *****************
 Defined at:
		line 6 in file "C:\Program Files (x86)\Microchip\xc8\v1.36\sources\common\lwdiv.c"
 Parameters:    Size  Location     Type
  divisor         2    4[COMMON] unsigned int 
  dividend        2    6[COMMON] unsigned int 
 Auto vars:     Size  Location     Type
  quotient        2    2[BANK0 ] unsigned int 
  counter         1    1[BANK0 ] unsigned char 
 Return value:  Size  Location     Type
                  2    4[COMMON] unsigned int 
 Registers used:
		wreg, status,2, status,0
 Tracked objects:
		On entry : 
		On exit  : 
		Unchanged: 
 Data sizes:     COMMON   BANK0   BANK1   BANK2
      Params:         4       0       0       0
      Locals:         0       3       0       0
      Temps:          0       1       0       0
      Totals:         4       4       0       0
Total ram usage:        8 bytes
 Hardware stack levels used:    1
 Hardware stack levels required when called:    1
 This function calls:
		Nothing
 This function is called by:
		_CalcularDistancia
		_sprintf
 This function uses a non-reentrant model


 *************** function _echo *****************
 Defined at:
		line 71 in file "main.c"
 Parameters:    Size  Location     Type
		None
 Auto vars:     Size  Location     Type
		None
 Return value:  Size  Location     Type
                  1    wreg      void 
 Registers used:
		wreg, status,2, status,0
 Tracked objects:
		On entry : 
		On exit  : 
		Unchanged: 
 Data sizes:     COMMON   BANK0   BANK1   BANK2
      Params:         0       0       0       0
      Locals:         0       0       0       0
      Temps:          4       0       0       0
      Totals:         4       0       0       0
Total ram usage:        4 bytes
 Hardware stack levels used:    1
 This function calls:
		Nothing
 This function is called by:
		Interrupt level 1
 This function uses a non-reentrant model



MODULE INFORMATION

Module		Function		Class		Link	Load	Size
C:\Program Files (x86)\Microchip\xc8\v1.36\sources\common\aldiv.c
		___aldiv       		CODE           	0391	0000	144

C:\Program Files (x86)\Microchip\xc8\v1.36\sources\common\aldiv.c estimated size: 144

LCD-PIC16.c
		_lcd_ioset     		CODE           	048E	0000	87
		_lcd_ioinit    		CODE           	0721	0000	36
		_lcd_iowrite4  		CODE           	05D7	0000	63
		_lcd_iowrite8  		CODE           	07D4	0000	2

LCD-PIC16.c estimated size: 188

C:\Program Files (x86)\Microchip\xc8\v1.36\sources\common\doprnt.c
		_sprintf       		CODE           	02E2	0000	176

C:\Program Files (x86)\Microchip\xc8\v1.36\sources\common\doprnt.c estimated size: 176

Funciones.c
		_Inicializaciones		CODE           	06F4	0000	46
		_CalcularDistancia		CODE           	003C	0000	240
		_PrintDistancias		CODE           	04E4	0000	85
		_ResetEcho     		CODE           	0786	0000	30
		_Trigger       		CODE           	0538	0000	82

Funciones.c estimated size: 483

C:\Program Files (x86)\Microchip\xc8\v1.36\sources\common\lwmod.c
		___lwmod       		CODE           	068F	0000	53

C:\Program Files (x86)\Microchip\xc8\v1.36\sources\common\lwmod.c estimated size: 53

shared
		__stringtab    		STRING         	0653	0000	17
		_rowaddr       		STRING         	066D	0000	5
		_dpowers       		STRING         	0663	0000	11
		__initialization		CODE           	0013	0000	39

shared estimated size: 72

Uart.c
		_UART_Init     		CODE           	012B	0000	231

Uart.c estimated size: 231

main.c
		_echo          		CODE           	0420	0000	111
		_main          		CODE           	0589	0000	79

main.c estimated size: 190

C:\Program Files (x86)\Microchip\xc8\v1.36\sources\common\lwdiv.c
		___lwdiv       		CODE           	0615	0000	63

C:\Program Files (x86)\Microchip\xc8\v1.36\sources\common\lwdiv.c estimated size: 63

LCD.c
		_lcd_send      		CODE           	06C3	0000	50
		_lcd_puts      		CODE           	0744	0000	34
		_lcd_clear     		CODE           	07A3	0000	20
		_lcd_goto      		CODE           	0765	0000	34
		_lcd_on        		CODE           	07B6	0000	17
		_lcd_init      		CODE           	0211	0000	210

LCD.c estimated size: 365

