Microchip MPLAB XC8 Compiler V1.36 ()

Linker command line:

-W-3 --edf=C:\Program Files (x86)\Microchip\xc8\v1.36\dat\en_msgs.txt -cs \
  -h+dist/default/production\Multiples_Ultrasonidos.X.production.sym \
  --cmf=dist/default/production\Multiples_Ultrasonidos.X.production.cmf -z \
  -Q16F883 -oC:\Users\Fu\AppData\Local\Temp\s2f4.2 \
  -Mdist/default/production/Multiples_Ultrasonidos.X.production.map -E1 \
  -ver=XC8 -ASTACK=0120h-016fh -pstack=STACK -ACODE=00h-07FFhx2 \
  -ASTRCODE=00h-0FFFh -ASTRING=00h-0FFhx16 -ACONST=00h-0FFhx16 \
  -AENTRY=00h-0FFhx16 -ACOMMON=070h-07Fh -ABANK0=020h-06Fh \
  -ABANK1=0A0h-0EFh -ABANK2=0120h-016Fh \
  -ARAM=020h-06Fh,0A0h-0EFh,0120h-016Fh \
  -AABS1=020h-07Fh,0A0h-0EFh,0120h-016Fh -ASFR0=00h-01Fh -ASFR1=080h-09Fh \
  -ASFR2=0100h-011Fh -ASFR3=0180h-01EFh \
  -preset_vec=00h,intentry=04h,init,end_init -ppowerup=CODE -pcinit=CODE \
  -pfunctab=CODE -ACONFIG=02007h-02008h -pconfig=CONFIG -DCONFIG=2 \
  -AIDLOC=02000h-02003h -pidloc=IDLOC -DIDLOC=2 -AEEDATA=00h-0FFh/02100h \
  -peeprom_data=EEDATA -DEEDATA=2 -DCODE=2 -DSTRCODE=2 -DSTRING=2 -DCONST=2 \
  -DENTRY=2 -k C:\Users\Fu\AppData\Local\Temp\s2f4.obj \
  dist/default/production\Multiples_Ultrasonidos.X.production.obj 

Object code version is 3.11

Machine type is 16F883



                Name                               Link     Load   Length Selector   Space Scale
C:\Users\Fu\AppData\Local\Temp\s2f4.obj
                end_init                             11       11        2        8       0
                reset_vec                             0        0        2        0       0
                config                             2007     2007        2     400E       0
dist/default/production\Multiples_Ultrasonidos.X.production.obj
                cinit                                13       13       29        8       0
                intentry                              4        4        D        8       0
                text21                              27F      27F       60        8       0
                text20                              2DF      2DF       5B        8       0
                text19                              411      411       3E        8       0
                text18                              44F      44F       34        8       0
                text17                              10D      10D       C6        8       0
                text16                              4E5      4E5       2E      968       0
                text15                              33A      33A       56        8       0
                text14                              3D3      3D3       3E        8       0
                text13                              5D9      5D9        1      968       0
                text12                              4B4      4B4       31      968       0
                text11                              578      578       13      968       0
                text10                              557      557       21      968       0
                text9                               513      513       23      968       0
                text8                                3C       3C       D1        8       0
                text7                               58B      58B       10      968       0
                text6                               536      536       21      968       0
                text5                               390      390       43        8       0
                text4                               5BF      5BF        C      968       0
                text3                               5B3      5B3        C      968       0
                text2                               5A7      5A7        C      968       0
                text1                               59B      59B        C      968       0
                maintext                            1D3      1D3       AC        8       0
                cstackBANK0                          47       47       1F       20       1
                cstackCOMMON                         70       70        8       70       1
                clrtext                             5CB      5CB        8      968       0
                bssBANK1                             A0       A0        A       A0       1
                dataBANK0                            66       66        6       20       1
                bssBANK0                             20       20       27       20       1
                bssCOMMON                            78       78        2       70       1
                nvBANK0                              6C       6C        1       20       1
                strings                             483      483       31      906       0
                idataBANK0                          5D3      5D3        6      968       0

TOTAL           Name                               Link     Load   Length     Space
        CLASS   STACK          

        CLASS   CODE           
                end_init                             11       11        2         0
                cinit                                13       13       29         0
                intentry                              4        4        D         0
                reset_vec                             0        0        2         0
                text21                              27F      27F       60         0
                text20                              2DF      2DF       5B         0
                text19                              411      411       3E         0
                text18                              44F      44F       34         0
                text17                              10D      10D       C6         0
                text16                              4E5      4E5       2E         0
                text15                              33A      33A       56         0
                text14                              3D3      3D3       3E         0
                text13                              5D9      5D9        1         0
                text12                              4B4      4B4       31         0
                text11                              578      578       13         0
                text10                              557      557       21         0
                text9                               513      513       23         0
                text8                                3C       3C       D1         0
                text7                               58B      58B       10         0
                text6                               536      536       21         0
                text5                               390      390       43         0
                text4                               5BF      5BF        C         0
                text3                               5B3      5B3        C         0
                text2                               5A7      5A7        C         0
                text1                               59B      59B        C         0
                maintext                            1D3      1D3       AC         0
                clrtext                             5CB      5CB        8         0
                idataBANK0                          5D3      5D3        6         0

        CLASS   STRCODE        

        CLASS   STRING         
                strings                             483      483       31         0

        CLASS   CONST          

        CLASS   ENTRY          

        CLASS   COMMON         
                cstackCOMMON                         70       70        8         1
                bssCOMMON                            78       78        2         1

        CLASS   BANK0          
                cstackBANK0                          47       47       1F         1
                dataBANK0                            66       66        6         1
                bssBANK0                             20       20       27         1
                nvBANK0                              6C       6C        1         1

        CLASS   BANK1          
                bssBANK1                             A0       A0        A         1

        CLASS   BANK2          

        CLASS   RAM            

        CLASS   ABS1           
                abs_s1                               7E       7E        2         1

        CLASS   SFR0           

        CLASS   SFR1           

        CLASS   SFR2           

        CLASS   SFR3           

        CLASS   CONFIG         
                config                             2007     2007        2         0

        CLASS   IDLOC          

        CLASS   EEDATA         

        CLASS   BANK3          



SEGMENTS        Name                           Load    Length   Top    Selector   Space  Class     Delta

                reset_vec                      000000  000002  000002         0       0  CODE        2
                intentry                       000004  00047F  000483         8       0  CODE        2
                bssBANK0                       000020  00004D  00006D        20       1  BANK0       1
                cstackCOMMON                   000070  00000A  00007A        70       1  COMMON      1
                bssBANK1                       0000A0  00000A  0000AA        A0       1  BANK1       1
                strings                        000483  000031  0004B4       906       0  STRING      2
                text12                         0004B4  000126  0005DA       968       0  CODE        2
                config                         002007  000002  002009      400E       0  CONFIG      2


UNUSED ADDRESS RANGES

        Name                Unused          Largest block    Delta
        BANK0            006D-006F              3           1
        BANK1            00AA-00EF             46           1
        BANK2            0120-016F             50           1
        CODE             0002-0003              2           2
                         05DA-0FFF            226
        COMMON           007A-007D              4           1
        CONST            0002-0003              2           2
                         05DA-0FFF            100
        EEDATA           2100-21FF            100           2
        ENTRY            0002-0003              2           2
                         05DA-0FFF            100
        IDLOC            2000-2003              4           2
        RAM              006D-006F              3           1
                         00AA-00EF             46
                         0120-016F             50
        SFR0             0000-001F             20           1
        SFR1             0080-009F             20           1
        SFR2             0100-011F             20           1
        SFR3             0180-01EF             70           1
        STACK            0120-016F             50           1
        STRCODE          0002-0003              2           2
                         05DA-0FFF            A26
        STRING           0002-0003              2           2
                         05DA-0FFF            100

                                  Symbol Table

?___awdiv                   cstackCOMMON 0074
?___lwdiv                   cstackCOMMON 0074
?___lwmod                   cstackBANK0  004B
?_sprintf                   cstackBANK0  0051
CalcularDistancia@dist      cstackBANK0  005E
CalcularDistancia@distancia cstackBANK0  0060
CalcularDistancia@size      cstackBANK0  0061
_ANSELH                     (abs)        0189
_CalcularDistancia          text16       04E5
_GIE                        (abs)        005F
_INTCON                     (abs)        000B
_IOCB                       (abs)        0096
_Inicializaciones           text5        0390
_OSCCON                     (abs)        008F
_PIE1                       (abs)        008C
_PIR1                       (abs)        000C
_PORTB                      (abs)        0006
_PORTC                      (abs)        0007
_RB0                        (abs)        0030
_RB1                        (abs)        0031
_RB2                        (abs)        0032
_RB3                        (abs)        0033
_RB4                        (abs)        0034
_RB5                        (abs)        0035
_RB6                        (abs)        0036
_RB7                        (abs)        0037
_RBIE                       (abs)        005B
_RBIF                       (abs)        0058
_RC2                        (abs)        003A
_RC3                        (abs)        003B
_RC4                        (abs)        003C
_RC5                        (abs)        003D
_RC6                        (abs)        003E
_RC7                        (abs)        003F
_SensorOn                   bssCOMMON    0078
_T1CON                      (abs)        0010
_TMR1                       (abs)        000E
_TMR1ON                     (abs)        0080
_TRISB                      (abs)        0086
_TRISC                      (abs)        0087
_TRISC2                     (abs)        043A
_TRISC3                     (abs)        043B
_TRISC4                     (abs)        043C
_TRISC5                     (abs)        043D
_TRISC6                     (abs)        043E
_TRISC7                     (abs)        043F
_Trigger0                   text4        05BF
_Trigger1                   text3        05B3
_Trigger2                   text2        05A7
_Trigger3                   text1        059B
__CFG_BOR4V$BOR21V          (abs)        0000
__CFG_BOREN$ON              (abs)        0000
__CFG_CP$OFF                (abs)        0000
__CFG_CPD$OFF               (abs)        0000
__CFG_FCMEN$ON              (abs)        0000
__CFG_FOSC$INTRC_CLKOUT     (abs)        0000
__CFG_IESO$ON               (abs)        0000
__CFG_LVP$OFF               (abs)        0000
__CFG_MCLRE$ON              (abs)        0000
__CFG_PWRTE$OFF             (abs)        0000
__CFG_WDTE$OFF              (abs)        0000
__CFG_WRT$OFF               (abs)        0000
__Habs1                     abs1         0000
__Hbank0                    bank0        0000
__Hbank1                    bank1        0000
__Hbank2                    bank2        0000
__Hbank3                    bank3        0000
__HbssBANK0                 bssBANK0     0000
__HbssBANK1                 bssBANK1     0000
__HbssCOMMON                bssCOMMON    0000
__Hcinit                    cinit        003C
__Hclrtext                  clrtext      0000
__Hcode                     code         0000
__Hcommon                   common       0000
__Hconfig                   config       2009
__HcstackBANK0              cstackBANK0  0000
__HcstackCOMMON             cstackCOMMON 0000
__HdataBANK0                dataBANK0    0000
__Heeprom_data              eeprom_data  0000
__Hend_init                 end_init     0013
__Hfunctab                  functab      0000
__HidataBANK0               idataBANK0   0000
__Hidloc                    idloc        0000
__Hinit                     init         0011
__Hintentry                 intentry     0011
__Hmaintext                 maintext     0000
__HnvBANK0                  nvBANK0      0000
__Hpowerup                  powerup      0000
__Hram                      ram          0000
__Hreset_vec                reset_vec    0002
__Hsfr0                     sfr0         0000
__Hsfr1                     sfr1         0000
__Hsfr2                     sfr2         0000
__Hsfr3                     sfr3         0000
__Hspace_0                  (abs)        2009
__Hspace_1                  (abs)        00AA
__Hspace_2                  (abs)        0000
__Hspace_3                  (abs)        0000
__Hstack                    stack        0000
__Hstrings                  strings      0000
__Htext                     text         0000
__Labs1                     abs1         0000
__Lbank0                    bank0        0000
__Lbank1                    bank1        0000
__Lbank2                    bank2        0000
__Lbank3                    bank3        0000
__LbssBANK0                 bssBANK0     0000
__LbssBANK1                 bssBANK1     0000
__LbssCOMMON                bssCOMMON    0000
__Lcinit                    cinit        0013
__Lclrtext                  clrtext      0000
__Lcode                     code         0000
__Lcommon                   common       0000
__Lconfig                   config       2007
__LcstackBANK0              cstackBANK0  0000
__LcstackCOMMON             cstackCOMMON 0000
__LdataBANK0                dataBANK0    0000
__Leeprom_data              eeprom_data  0000
__Lend_init                 end_init     0011
__Lfunctab                  functab      0000
__LidataBANK0               idataBANK0   0000
__Lidloc                    idloc        0000
__Linit                     init         0011
__Lintentry                 intentry     0004
__Lmaintext                 maintext     0000
__LnvBANK0                  nvBANK0      0000
__Lpowerup                  powerup      0000
__Lram                      ram          0000
__Lreset_vec                reset_vec    0000
__Lsfr0                     sfr0         0000
__Lsfr1                     sfr1         0000
__Lsfr2                     sfr2         0000
__Lsfr3                     sfr3         0000
__Lspace_0                  (abs)        0000
__Lspace_1                  (abs)        0000
__Lspace_2                  (abs)        0000
__Lspace_3                  (abs)        0000
__Lstack                    stack        0000
__Lstrings                  strings      0000
__Ltext                     text         0000
__S0                        (abs)        2009
__S1                        (abs)        00AA
__S2                        (abs)        0000
__S3                        (abs)        0000
___awdiv                    text20       02DF
___awdiv@counter            cstackBANK0  0048
___awdiv@dividend           cstackCOMMON 0076
___awdiv@divisor            cstackCOMMON 0074
___awdiv@quotient           cstackBANK0  004A
___awdiv@sign               cstackBANK0  0049
___int_sp                   stack        0000
___latbits                  (abs)        0001
___lwdiv                    text19       0411
___lwdiv@counter            cstackBANK0  0048
___lwdiv@dividend           cstackCOMMON 0076
___lwdiv@divisor            cstackCOMMON 0074
___lwdiv@quotient           cstackBANK0  0049
___lwmod                    text18       044F
___lwmod@counter            cstackBANK0  0050
___lwmod@dividend           cstackBANK0  004D
___lwmod@divisor            cstackBANK0  004B
___sp                       stack        0000
__end_of_CalcularDistancia  text16       0513
__end_of_Inicializaciones   text5        03D3
__end_of_Trigger0           text4        05CB
__end_of_Trigger1           text3        05BF
__end_of_Trigger2           text2        05B3
__end_of_Trigger3           text1        05A7
__end_of___awdiv            text20       033A
__end_of___lwdiv            text19       044F
__end_of___lwmod            text18       0483
__end_of__initialization    cinit        0039
__end_of__stringtab         strings      0493
__end_of_dpowers            strings      049D
__end_of_echo               text21       02DF
__end_of_lcd_clear          text11       058B
__end_of_lcd_goto           text10       0578
__end_of_lcd_init           text8        010D
__end_of_lcd_ioinit         text9        0536
__end_of_lcd_ioset          text15       0390
__end_of_lcd_iowrite4       text14       0411
__end_of_lcd_iowrite8       text13       05DA
__end_of_lcd_on             text7        059B
__end_of_lcd_puts           text6        0557
__end_of_lcd_send           text12       04E5
__end_of_main               maintext     027F
__end_of_rowaddr            strings      04A1
__end_of_sprintf            text17       01D3
__initialization            cinit        0013
__pbssBANK0                 bssBANK0     0020
__pbssBANK1                 bssBANK1     00A0
__pbssCOMMON                bssCOMMON    0078
__pcstackBANK0              cstackBANK0  0047
__pcstackCOMMON             cstackCOMMON 0070
__pdataBANK0                dataBANK0    0066
__pidataBANK0               idataBANK0   05D3
__pintentry                 intentry     0004
__pmaintext                 maintext     01D3
__pnvBANK0                  nvBANK0      006C
__pstrings                  strings      0483
__ptext1                    text1        059B
__ptext10                   text10       0557
__ptext11                   text11       0578
__ptext12                   text12       04B4
__ptext13                   text13       05D9
__ptext14                   text14       03D3
__ptext15                   text15       033A
__ptext16                   text16       04E5
__ptext17                   text17       010D
__ptext18                   text18       044F
__ptext19                   text19       0411
__ptext2                    text2        05A7
__ptext20                   text20       02DF
__ptext21                   text21       027F
__ptext3                    text3        05B3
__ptext4                    text4        05BF
__ptext5                    text5        0390
__ptext6                    text6        0536
__ptext7                    text7        058B
__ptext8                    text8        003C
__ptext9                    text9        0513
__size_of_CalcularDistancia (abs)        0000
__size_of_Inicializaciones  (abs)        0000
__size_of_Trigger0          (abs)        0000
__size_of_Trigger1          (abs)        0000
__size_of_Trigger2          (abs)        0000
__size_of_Trigger3          (abs)        0000
__size_of___awdiv           (abs)        0000
__size_of___lwdiv           (abs)        0000
__size_of___lwmod           (abs)        0000
__size_of_echo              (abs)        0000
__size_of_lcd_clear         (abs)        0000
__size_of_lcd_goto          (abs)        0000
__size_of_lcd_init          (abs)        0000
__size_of_lcd_ioinit        (abs)        0000
__size_of_lcd_ioset         (abs)        0000
__size_of_lcd_iowrite4      (abs)        0000
__size_of_lcd_iowrite8      (abs)        0000
__size_of_lcd_on            (abs)        0000
__size_of_lcd_puts          (abs)        0000
__size_of_lcd_send          (abs)        0000
__size_of_main              (abs)        0000
__size_of_sprintf           (abs)        0000
__stringbase                strings      0492
__stringtab                 strings      0483
_dispctrl                   bssBANK0     0028
_dist1                      bssBANK0     0029
_dist2                      bssBANK0     0033
_dist3                      bssBANK0     003D
_dist4                      bssBANK1     00A0
_distancia1                 dataBANK0    0068
_distancia2                 dataBANK0    0069
_distancia3                 dataBANK0    006A
_distancia4                 dataBANK0    006B
_dpowers                    strings      0493
_echo                       text21       027F
_iomode                     nvBANK0      006C
_lcd_clear                  text11       0578
_lcd_goto                   text10       0557
_lcd_init                   text8        003C
_lcd_ioinit                 text9        0513
_lcd_ioset                  text15       033A
_lcd_iowrite4               text14       03D3
_lcd_iowrite8               text13       05D9
_lcd_on                     text7        058B
_lcd_puts                   text6        0536
_lcd_send                   text12       04B4
_lcdcolumns                 dataBANK0    0066
_lcdrows                    dataBANK0    0067
_main                       maintext     01D3
_rowaddr                    strings      049D
_sprintf                    text17       010D
_t1                         bssBANK0     0020
_t2                         bssBANK0     0022
_t3                         bssBANK0     0024
_t4                         bssBANK0     0026
btemp                       (abs)        007E
clear_ram0                  clrtext      05CB
end_of_initialization       cinit        0039
interrupt_function          intentry     0004
intlevel0                   functab      0000
intlevel1                   functab      0000
intlevel2                   functab      0000
intlevel3                   functab      0000
intlevel4                   functab      0000
intlevel5                   functab      0000
lcd_goto@col                cstackBANK0  004E
lcd_goto@row                cstackBANK0  004C
lcd_init@cols               cstackBANK0  004C
lcd_init@iodata             cstackBANK0  0051
lcd_init@rows               cstackBANK0  004D
lcd_ioinit@i                cstackBANK0  0048
lcd_ioinit@iodata           cstackBANK0  0047
lcd_ioset@out               cstackCOMMON 0074
lcd_ioset@pin               cstackCOMMON 0075
lcd_iowrite4@data           cstackBANK0  0047
lcd_iowrite4@i              cstackBANK0  0048
lcd_puts@string             cstackBANK0  004C
lcd_send@data               cstackBANK0  004B
lcd_send@rs                 cstackBANK0  0049
ltemp                       (abs)        007E
ltemp0                      (abs)        007E
ltemp1                      (abs)        0082
ltemp2                      (abs)        0086
ltemp3                      (abs)        0080
reset_vec                   reset_vec    0000
saved_w                     (abs)        007E
sprintf@ap                  cstackBANK0  0057
sprintf@c                   cstackBANK0  005D
sprintf@f                   cstackBANK0  0051
sprintf@flag                cstackBANK0  0058
sprintf@prec                cstackBANK0  0059
sprintf@sp                  cstackBANK0  005C
sprintf@val                 cstackBANK0  005A
stackhi                     (abs)        0000
stacklo                     (abs)        0000
start                       init         0011
start_initialization        cinit        0013
ttemp                       (abs)        007E
ttemp0                      (abs)        007E
ttemp1                      (abs)        0081
ttemp2                      (abs)        0084
ttemp3                      (abs)        0087
ttemp4                      (abs)        007F
wtemp                       (abs)        007E
wtemp0                      (abs)        007E
wtemp1                      (abs)        0080
wtemp2                      (abs)        0082
wtemp3                      (abs)        0084
wtemp4                      (abs)        0086
wtemp5                      (abs)        0088
wtemp6                      (abs)        007F


FUNCTION INFORMATION:

 *************** function _main *****************
 Defined at:
		line 52 in file "main.c"
 Parameters:    Size  Location     Type
		None
 Auto vars:     Size  Location     Type
		None
 Return value:  Size  Location     Type
                  1    wreg      void 
 Registers used:
		wreg, fsr0l, fsr0h, status,2, status,0, btemp+1, pclath, cstack
 Tracked objects:
		On entry : 
		On exit  : 
		Unchanged: 
 Data sizes:     COMMON   BANK0   BANK1   BANK2
      Params:         0       0       0       0
      Locals:         0       0       0       0
      Temps:          0       2       0       0
      Totals:         0       2       0       0
Total ram usage:        2 bytes
 Hardware stack levels required when called:    6
 This function calls:
		_CalcularDistancia
		_Inicializaciones
		_Trigger0
		_Trigger1
		_Trigger2
		_Trigger3
		_lcd_goto
		_lcd_puts
 This function is called by:
		Startup code after reset
 This function uses a non-reentrant model


 *************** function _Trigger3 *****************
 Defined at:
		line 55 in file "Funciones.c"
 Parameters:    Size  Location     Type
		None
 Auto vars:     Size  Location     Type
		None
 Return value:  Size  Location     Type
                  1    wreg      void 
 Registers used:
		wreg
 Tracked objects:
		On entry : 
		On exit  : 
		Unchanged: 
 Data sizes:     COMMON   BANK0   BANK1   BANK2
      Params:         0       0       0       0
      Locals:         0       0       0       0
      Temps:          1       0       0       0
      Totals:         1       0       0       0
Total ram usage:        1 bytes
 Hardware stack levels used:    1
 Hardware stack levels required when called:    1
 This function calls:
		Nothing
 This function is called by:
		_main
 This function uses a non-reentrant model


 *************** function _Trigger2 *****************
 Defined at:
		line 49 in file "Funciones.c"
 Parameters:    Size  Location     Type
		None
 Auto vars:     Size  Location     Type
		None
 Return value:  Size  Location     Type
                  1    wreg      void 
 Registers used:
		wreg
 Tracked objects:
		On entry : 
		On exit  : 
		Unchanged: 
 Data sizes:     COMMON   BANK0   BANK1   BANK2
      Params:         0       0       0       0
      Locals:         0       0       0       0
      Temps:          1       0       0       0
      Totals:         1       0       0       0
Total ram usage:        1 bytes
 Hardware stack levels used:    1
 Hardware stack levels required when called:    1
 This function calls:
		Nothing
 This function is called by:
		_main
 This function uses a non-reentrant model


 *************** function _Trigger1 *****************
 Defined at:
		line 43 in file "Funciones.c"
 Parameters:    Size  Location     Type
		None
 Auto vars:     Size  Location     Type
		None
 Return value:  Size  Location     Type
                  1    wreg      void 
 Registers used:
		wreg
 Tracked objects:
		On entry : 
		On exit  : 
		Unchanged: 
 Data sizes:     COMMON   BANK0   BANK1   BANK2
      Params:         0       0       0       0
      Locals:         0       0       0       0
      Temps:          1       0       0       0
      Totals:         1       0       0       0
Total ram usage:        1 bytes
 Hardware stack levels used:    1
 Hardware stack levels required when called:    1
 This function calls:
		Nothing
 This function is called by:
		_main
 This function uses a non-reentrant model


 *************** function _Trigger0 *****************
 Defined at:
		line 37 in file "Funciones.c"
 Parameters:    Size  Location     Type
		None
 Auto vars:     Size  Location     Type
		None
 Return value:  Size  Location     Type
                  1    wreg      void 
 Registers used:
		wreg
 Tracked objects:
		On entry : 
		On exit  : 
		Unchanged: 
 Data sizes:     COMMON   BANK0   BANK1   BANK2
      Params:         0       0       0       0
      Locals:         0       0       0       0
      Temps:          1       0       0       0
      Totals:         1       0       0       0
Total ram usage:        1 bytes
 Hardware stack levels used:    1
 Hardware stack levels required when called:    1
 This function calls:
		Nothing
 This function is called by:
		_main
 This function uses a non-reentrant model


 *************** function _Inicializaciones *****************
 Defined at:
		line 5 in file "Funciones.c"
 Parameters:    Size  Location     Type
		None
 Auto vars:     Size  Location     Type
		None
 Return value:  Size  Location     Type
                  1    wreg      void 
 Registers used:
		wreg, fsr0l, fsr0h, status,2, status,0, btemp+1, pclath, cstack
 Tracked objects:
		On entry : 
		On exit  : 
		Unchanged: 
 Data sizes:     COMMON   BANK0   BANK1   BANK2
      Params:         0       0       0       0
      Locals:         0       0       0       0
      Temps:          0       2       0       0
      Totals:         0       2       0       0
Total ram usage:        2 bytes
 Hardware stack levels used:    1
 Hardware stack levels required when called:    5
 This function calls:
		_lcd_clear
		_lcd_goto
		_lcd_init
		_lcd_on
		_lcd_puts
 This function is called by:
		_main
 This function uses a non-reentrant model


 *************** function _lcd_puts *****************
 Defined at:
		line 178 in file "LCD.c"
 Parameters:    Size  Location     Type
  string          2    5[BANK0 ] PTR const unsigned char 
		 -> STR_1(13), dist4(10), dist3(10), dist2(10), 
		 -> dist1(10), 
 Auto vars:     Size  Location     Type
		None
 Return value:  Size  Location     Type
                  1    wreg      void 
 Registers used:
		wreg, fsr0l, fsr0h, status,2, status,0, btemp+1, pclath, cstack
 Tracked objects:
		On entry : 
		On exit  : 
		Unchanged: 
 Data sizes:     COMMON   BANK0   BANK1   BANK2
      Params:         0       2       0       0
      Locals:         0       0       0       0
      Temps:          0       0       0       0
      Totals:         0       2       0       0
Total ram usage:        2 bytes
 Hardware stack levels used:    1
 Hardware stack levels required when called:    4
 This function calls:
		_lcd_send
 This function is called by:
		_main
		_Inicializaciones
 This function uses a non-reentrant model


 *************** function _lcd_on *****************
 Defined at:
		line 91 in file "LCD.c"
 Parameters:    Size  Location     Type
		None
 Auto vars:     Size  Location     Type
		None
 Return value:  Size  Location     Type
                  1    wreg      void 
 Registers used:
		wreg, fsr0l, fsr0h, status,2, status,0, pclath, cstack
 Tracked objects:
		On entry : 
		On exit  : 
		Unchanged: 
 Data sizes:     COMMON   BANK0   BANK1   BANK2
      Params:         0       0       0       0
      Locals:         0       0       0       0
      Temps:          0       1       0       0
      Totals:         0       1       0       0
Total ram usage:        1 bytes
 Hardware stack levels used:    1
 Hardware stack levels required when called:    4
 This function calls:
		_lcd_send
 This function is called by:
		_Inicializaciones
 This function uses a non-reentrant model


 *************** function _lcd_init *****************
 Defined at:
		line 33 in file "LCD.c"
 Parameters:    Size  Location     Type
  iodata          1    wreg     PTR void 
		 -> NULL(0), 
  cols            1    5[BANK0 ] unsigned char 
  rows            1    6[BANK0 ] unsigned char 
 Auto vars:     Size  Location     Type
  iodata          1   10[BANK0 ] PTR void 
		 -> NULL(0), 
 Return value:  Size  Location     Type
                  1    wreg      unsigned char 
 Registers used:
		wreg, fsr0l, fsr0h, status,2, status,0, pclath, cstack
 Tracked objects:
		On entry : 
		On exit  : 
		Unchanged: 
 Data sizes:     COMMON   BANK0   BANK1   BANK2
      Params:         0       2       0       0
      Locals:         0       1       0       0
      Temps:          0       3       0       0
      Totals:         0       6       0       0
Total ram usage:        6 bytes
 Hardware stack levels used:    1
 Hardware stack levels required when called:    4
 This function calls:
		_lcd_ioinit
		_lcd_iowrite4
		_lcd_send
 This function is called by:
		_Inicializaciones
 This function uses a non-reentrant model


 *************** function _lcd_ioinit *****************
 Defined at:
		line 48 in file "LCD-PIC16.c"
 Parameters:    Size  Location     Type
  iodata          1    wreg     PTR void 
		 -> NULL(0), 
 Auto vars:     Size  Location     Type
  iodata          1    0[BANK0 ] PTR void 
		 -> NULL(0), 
  i               1    1[BANK0 ] unsigned char 
 Return value:  Size  Location     Type
                  1    wreg      unsigned char 
 Registers used:
		wreg, fsr0l, fsr0h, status,2, status,0, pclath, cstack
 Tracked objects:
		On entry : 
		On exit  : 
		Unchanged: 
 Data sizes:     COMMON   BANK0   BANK1   BANK2
      Params:         0       0       0       0
      Locals:         0       2       0       0
      Temps:          1       0       0       0
      Totals:         1       2       0       0
Total ram usage:        3 bytes
 Hardware stack levels used:    1
 Hardware stack levels required when called:    2
 This function calls:
		_lcd_ioset
 This function is called by:
		_lcd_init
 This function uses a non-reentrant model


 *************** function _lcd_goto *****************
 Defined at:
		line 149 in file "LCD.c"
 Parameters:    Size  Location     Type
  col             1    wreg     unsigned char 
  row             1    5[BANK0 ] unsigned char 
 Auto vars:     Size  Location     Type
  col             1    7[BANK0 ] unsigned char 
 Return value:  Size  Location     Type
                  1    wreg      void 
 Registers used:
		wreg, fsr0l, fsr0h, status,2, status,0, pclath, cstack
 Tracked objects:
		On entry : 
		On exit  : 
		Unchanged: 
 Data sizes:     COMMON   BANK0   BANK1   BANK2
      Params:         0       1       0       0
      Locals:         0       1       0       0
      Temps:          0       1       0       0
      Totals:         0       3       0       0
Total ram usage:        3 bytes
 Hardware stack levels used:    1
 Hardware stack levels required when called:    4
 This function calls:
		_lcd_send
 This function is called by:
		_main
		_Inicializaciones
 This function uses a non-reentrant model


 *************** function _lcd_clear *****************
 Defined at:
		line 79 in file "LCD.c"
 Parameters:    Size  Location     Type
		None
 Auto vars:     Size  Location     Type
		None
 Return value:  Size  Location     Type
                  1    wreg      void 
 Registers used:
		wreg, fsr0l, fsr0h, status,2, status,0, pclath, cstack
 Tracked objects:
		On entry : 
		On exit  : 
		Unchanged: 
 Data sizes:     COMMON   BANK0   BANK1   BANK2
      Params:         0       0       0       0
      Locals:         0       0       0       0
      Temps:          0       2       0       0
      Totals:         0       2       0       0
Total ram usage:        2 bytes
 Hardware stack levels used:    1
 Hardware stack levels required when called:    4
 This function calls:
		_lcd_send
 This function is called by:
		_Inicializaciones
 This function uses a non-reentrant model


 *************** function _lcd_send *****************
 Defined at:
		line 160 in file "LCD.c"
 Parameters:    Size  Location     Type
  data            1    wreg     unsigned char 
  rs              1    2[BANK0 ] unsigned char 
 Auto vars:     Size  Location     Type
  data            1    4[BANK0 ] unsigned char 
 Return value:  Size  Location     Type
                  1    wreg      void 
 Registers used:
		wreg, fsr0l, fsr0h, status,2, status,0, pclath, cstack
 Tracked objects:
		On entry : 
		On exit  : 
		Unchanged: 
 Data sizes:     COMMON   BANK0   BANK1   BANK2
      Params:         0       1       0       0
      Locals:         0       1       0       0
      Temps:          0       1       0       0
      Totals:         0       3       0       0
Total ram usage:        3 bytes
 Hardware stack levels used:    1
 Hardware stack levels required when called:    3
 This function calls:
		_lcd_ioset
		_lcd_iowrite4
		_lcd_iowrite8
 This function is called by:
		_lcd_init
		_lcd_clear
		_lcd_on
		_lcd_goto
		_lcd_puts
		_lcd_home
		_lcd_off
		_lcd_cursor
		_lcd_cursor_left
		_lcd_cursor_right
		_lcd_scroll_left
		_lcd_scroll_right
		_lcd_autoscroll_on
		_lcd_autoscroll_off
		_lcd_create_char
 This function uses a non-reentrant model


 *************** function _lcd_iowrite8 *****************
 Defined at:
		line 143 in file "LCD-PIC16.c"
 Parameters:    Size  Location     Type
  data            1    wreg     unsigned char 
 Auto vars:     Size  Location     Type
  data            1    0[COMMON] unsigned char 
 Return value:  Size  Location     Type
                  1    wreg      void 
 Registers used:
		wreg
 Tracked objects:
		On entry : 
		On exit  : 
		Unchanged: 
 Data sizes:     COMMON   BANK0   BANK1   BANK2
      Params:         0       0       0       0
      Locals:         0       0       0       0
      Temps:          0       0       0       0
      Totals:         0       0       0       0
Total ram usage:        0 bytes
 Hardware stack levels used:    1
 Hardware stack levels required when called:    1
 This function calls:
		Nothing
 This function is called by:
		_lcd_send
 This function uses a non-reentrant model


 *************** function _lcd_iowrite4 *****************
 Defined at:
		line 129 in file "LCD-PIC16.c"
 Parameters:    Size  Location     Type
  data            1    wreg     unsigned char 
 Auto vars:     Size  Location     Type
  data            1    0[BANK0 ] unsigned char 
  i               1    1[BANK0 ] unsigned char 
 Return value:  Size  Location     Type
                  1    wreg      void 
 Registers used:
		wreg, fsr0l, fsr0h, status,2, status,0, pclath, cstack
 Tracked objects:
		On entry : 
		On exit  : 
		Unchanged: 
 Data sizes:     COMMON   BANK0   BANK1   BANK2
      Params:         0       0       0       0
      Locals:         0       2       0       0
      Temps:          2       0       0       0
      Totals:         2       2       0       0
Total ram usage:        4 bytes
 Hardware stack levels used:    1
 Hardware stack levels required when called:    2
 This function calls:
		_lcd_ioset
 This function is called by:
		_lcd_init
		_lcd_send
 This function uses a non-reentrant model


 *************** function _lcd_ioset *****************
 Defined at:
		line 86 in file "LCD-PIC16.c"
 Parameters:    Size  Location     Type
  pin             1    wreg     enum E42
  out             1    4[COMMON] unsigned char 
 Auto vars:     Size  Location     Type
  pin             1    5[COMMON] enum E42
 Return value:  Size  Location     Type
                  1    wreg      void 
 Registers used:
		wreg, fsr0l, fsr0h, status,2, status,0
 Tracked objects:
		On entry : 
		On exit  : 
		Unchanged: 
 Data sizes:     COMMON   BANK0   BANK1   BANK2
      Params:         1       0       0       0
      Locals:         1       0       0       0
      Temps:          0       0       0       0
      Totals:         2       0       0       0
Total ram usage:        2 bytes
 Hardware stack levels used:    1
 Hardware stack levels required when called:    1
 This function calls:
		Nothing
 This function is called by:
		_lcd_ioinit
		_lcd_iowrite4
		_lcd_send
 This function uses a non-reentrant model


 *************** function _CalcularDistancia *****************
 Defined at:
		line 61 in file "Funciones.c"
 Parameters:    Size  Location     Type
  dist            2   23[BANK0 ] int 
  distancia       1   25[BANK0 ] PTR PTR unsigned char 
		 -> distancia4(1), distancia3(1), distancia2(1), distancia1(1), 
  size            2   26[BANK0 ] int 
 Auto vars:     Size  Location     Type
		None
 Return value:  Size  Location     Type
                  1    wreg      void 
 Registers used:
		wreg, fsr0l, fsr0h, status,2, status,0, btemp+1, pclath, cstack
 Tracked objects:
		On entry : 
		On exit  : 
		Unchanged: 
 Data sizes:     COMMON   BANK0   BANK1   BANK2
      Params:         0       5       0       0
      Locals:         0       0       0       0
      Temps:          0       1       0       0
      Totals:         0       6       0       0
Total ram usage:        6 bytes
 Hardware stack levels used:    1
 Hardware stack levels required when called:    3
 This function calls:
		___awdiv
		_sprintf
 This function is called by:
		_main
 This function uses a non-reentrant model


 *************** function _sprintf *****************
 Defined at:
		line 492 in file "C:\Program Files (x86)\Microchip\xc8\v1.36\sources\common\doprnt.c"
 Parameters:    Size  Location     Type
  sp              1    wreg     PTR unsigned char 
		 -> dist4(10), dist3(10), dist2(10), dist1(10), 
  f               1   10[BANK0 ] PTR const unsigned char 
		 -> STR_2(6), 
 Auto vars:     Size  Location     Type
  sp              1   21[BANK0 ] PTR unsigned char 
		 -> dist4(10), dist3(10), dist2(10), dist1(10), 
  tmpval          4    0        struct .
  val             2   19[BANK0 ] unsigned int 
  cp              2    0        PTR const unsigned char 
  len             2    0        unsigned int 
  c               1   22[BANK0 ] char 
  prec            1   18[BANK0 ] char 
  flag            1   17[BANK0 ] unsigned char 
  ap              1   16[BANK0 ] PTR void [1]
		 -> ?_sprintf(2), 
 Return value:  Size  Location     Type
                  2   10[BANK0 ] int 
 Registers used:
		wreg, fsr0l, fsr0h, status,2, status,0, btemp+1, pclath, cstack
 Tracked objects:
		On entry : 
		On exit  : 
		Unchanged: 
 Data sizes:     COMMON   BANK0   BANK1   BANK2
      Params:         0       3       0       0
      Locals:         0       7       0       0
      Temps:          0       3       0       0
      Totals:         0      13       0       0
Total ram usage:       13 bytes
 Hardware stack levels used:    1
 Hardware stack levels required when called:    2
 This function calls:
		___lwdiv
		___lwmod
 This function is called by:
		_CalcularDistancia
 This function uses a non-reentrant model


 *************** function ___lwmod *****************
 Defined at:
		line 6 in file "C:\Program Files (x86)\Microchip\xc8\v1.36\sources\common\lwmod.c"
 Parameters:    Size  Location     Type
  divisor         2    4[BANK0 ] unsigned int 
  dividend        2    6[BANK0 ] unsigned int 
 Auto vars:     Size  Location     Type
  counter         1    9[BANK0 ] unsigned char 
 Return value:  Size  Location     Type
                  2    4[BANK0 ] unsigned int 
 Registers used:
		wreg, status,2, status,0
 Tracked objects:
		On entry : 
		On exit  : 
		Unchanged: 
 Data sizes:     COMMON   BANK0   BANK1   BANK2
      Params:         0       4       0       0
      Locals:         0       1       0       0
      Temps:          0       1       0       0
      Totals:         0       6       0       0
Total ram usage:        6 bytes
 Hardware stack levels used:    1
 Hardware stack levels required when called:    1
 This function calls:
		Nothing
 This function is called by:
		_sprintf
 This function uses a non-reentrant model


 *************** function ___lwdiv *****************
 Defined at:
		line 6 in file "C:\Program Files (x86)\Microchip\xc8\v1.36\sources\common\lwdiv.c"
 Parameters:    Size  Location     Type
  divisor         2    4[COMMON] unsigned int 
  dividend        2    6[COMMON] unsigned int 
 Auto vars:     Size  Location     Type
  quotient        2    2[BANK0 ] unsigned int 
  counter         1    1[BANK0 ] unsigned char 
 Return value:  Size  Location     Type
                  2    4[COMMON] unsigned int 
 Registers used:
		wreg, status,2, status,0
 Tracked objects:
		On entry : 
		On exit  : 
		Unchanged: 
 Data sizes:     COMMON   BANK0   BANK1   BANK2
      Params:         4       0       0       0
      Locals:         0       3       0       0
      Temps:          0       1       0       0
      Totals:         4       4       0       0
Total ram usage:        8 bytes
 Hardware stack levels used:    1
 Hardware stack levels required when called:    1
 This function calls:
		Nothing
 This function is called by:
		_sprintf
 This function uses a non-reentrant model


 *************** function ___awdiv *****************
 Defined at:
		line 6 in file "C:\Program Files (x86)\Microchip\xc8\v1.36\sources\common\awdiv.c"
 Parameters:    Size  Location     Type
  divisor         2    4[COMMON] int 
  dividend        2    6[COMMON] int 
 Auto vars:     Size  Location     Type
  quotient        2    3[BANK0 ] int 
  sign            1    2[BANK0 ] unsigned char 
  counter         1    1[BANK0 ] unsigned char 
 Return value:  Size  Location     Type
                  2    4[COMMON] int 
 Registers used:
		wreg, status,2, status,0
 Tracked objects:
		On entry : 
		On exit  : 
		Unchanged: 
 Data sizes:     COMMON   BANK0   BANK1   BANK2
      Params:         4       0       0       0
      Locals:         0       4       0       0
      Temps:          0       1       0       0
      Totals:         4       5       0       0
Total ram usage:        9 bytes
 Hardware stack levels used:    1
 Hardware stack levels required when called:    1
 This function calls:
		Nothing
 This function is called by:
		_CalcularDistancia
 This function uses a non-reentrant model


 *************** function _echo *****************
 Defined at:
		line 93 in file "main.c"
 Parameters:    Size  Location     Type
		None
 Auto vars:     Size  Location     Type
		None
 Return value:  Size  Location     Type
                  1    wreg      void 
 Registers used:
		wreg, status,2, status,0
 Tracked objects:
		On entry : 
		On exit  : 
		Unchanged: 
 Data sizes:     COMMON   BANK0   BANK1   BANK2
      Params:         0       0       0       0
      Locals:         0       0       0       0
      Temps:          4       0       0       0
      Totals:         4       0       0       0
Total ram usage:        4 bytes
 Hardware stack levels used:    1
 This function calls:
		Nothing
 This function is called by:
		Interrupt level 1
 This function uses a non-reentrant model



MODULE INFORMATION

Module		Function		Class		Link	Load	Size
C:\Program Files (x86)\Microchip\xc8\v1.36\sources\common\awdiv.c
		___awdiv       		CODE           	02DF	0000	92

C:\Program Files (x86)\Microchip\xc8\v1.36\sources\common\awdiv.c estimated size: 92

LCD-PIC16.c
		_lcd_ioset     		CODE           	033A	0000	87
		_lcd_ioinit    		CODE           	0513	0000	36
		_lcd_iowrite4  		CODE           	03D3	0000	63
		_lcd_iowrite8  		CODE           	05D9	0000	2

LCD-PIC16.c estimated size: 188

C:\Program Files (x86)\Microchip\xc8\v1.36\sources\common\doprnt.c
		_sprintf       		CODE           	010D	0000	199

C:\Program Files (x86)\Microchip\xc8\v1.36\sources\common\doprnt.c estimated size: 199

Funciones.c
		_Inicializaciones		CODE           	0390	0000	68
		_CalcularDistancia		CODE           	04E5	0000	47
		_Trigger0      		CODE           	05BF	0000	13
		_Trigger1      		CODE           	05B3	0000	13
		_Trigger2      		CODE           	05A7	0000	13
		_Trigger3      		CODE           	059B	0000	13

Funciones.c estimated size: 167

C:\Program Files (x86)\Microchip\xc8\v1.36\sources\common\lwmod.c
		___lwmod       		CODE           	044F	0000	53

C:\Program Files (x86)\Microchip\xc8\v1.36\sources\common\lwmod.c estimated size: 53

shared
		__stringtab    		STRING         	0483	0000	17
		_rowaddr       		STRING         	049D	0000	5
		_dpowers       		STRING         	0493	0000	11
		__initialization		CODE           	0013	0000	39

shared estimated size: 72

main.c
		_echo          		CODE           	027F	0000	97
		_main          		CODE           	01D3	0000	173

main.c estimated size: 270

C:\Program Files (x86)\Microchip\xc8\v1.36\sources\common\lwdiv.c
		___lwdiv       		CODE           	0411	0000	63

C:\Program Files (x86)\Microchip\xc8\v1.36\sources\common\lwdiv.c estimated size: 63

LCD.c
		_lcd_send      		CODE           	04B4	0000	50
		_lcd_puts      		CODE           	0536	0000	34
		_lcd_clear     		CODE           	0578	0000	20
		_lcd_goto      		CODE           	0557	0000	34
		_lcd_on        		CODE           	058B	0000	17
		_lcd_init      		CODE           	003C	0000	210

LCD.c estimated size: 365

