Microchip MPLAB XC8 Compiler V1.37 ()

Linker command line:

-W-3 --edf=C:\Program Files (x86)\Microchip\xc8\v1.37\dat\en_msgs.txt -cs \
  -h+dist/default/production\PIC16F883-UltrasonicSensorHandler.production.sym \
  --cmf=dist/default/production\PIC16F883-UltrasonicSensorHandler.production.cmf \
  -z -Q16F883 -oC:\Users\Fu\AppData\Local\Temp\s7to.2 \
  -Mdist/default/production/PIC16F883-UltrasonicSensorHandler.production.map \
  -E1 -ver=XC8 -ASTACK=0120h-016fh -pstack=STACK -ACODE=00h-07FFhx2 \
  -ASTRCODE=00h-0FFFh -ASTRING=00h-0FFhx16 -ACONST=00h-0FFhx16 \
  -AENTRY=00h-0FFhx16 -ACOMMON=070h-07Fh -ABANK0=020h-06Fh \
  -ABANK1=0A0h-0EFh -ABANK2=0120h-016Fh \
  -ARAM=020h-06Fh,0A0h-0EFh,0120h-016Fh \
  -AABS1=020h-07Fh,0A0h-0EFh,0120h-016Fh -ASFR0=00h-01Fh -ASFR1=080h-09Fh \
  -ASFR2=0100h-011Fh -ASFR3=0180h-01EFh \
  -preset_vec=00h,intentry=04h,init,end_init -ppowerup=CODE -pcinit=CODE \
  -pfunctab=CODE -ACONFIG=02007h-02008h -pconfig=CONFIG -DCONFIG=2 \
  -AIDLOC=02000h-02003h -pidloc=IDLOC -DIDLOC=2 -AEEDATA=00h-0FFh/02100h \
  -peeprom_data=EEDATA -DEEDATA=2 -DCODE=2 -DSTRCODE=2 -DSTRING=2 -DCONST=2 \
  -DENTRY=2 -k C:\Users\Fu\AppData\Local\Temp\s7to.obj \
  dist/default/production\PIC16F883-UltrasonicSensorHandler.production.obj 

Object code version is 3.11

Machine type is 16F883



                Name                               Link     Load   Length Selector   Space Scale
C:\Users\Fu\AppData\Local\Temp\s7to.obj
                end_init                             11       11        2        8       0
                reset_vec                             0        0        2        0       0
                config                             2007     2007        2     400E       0
dist/default/production\PIC16F883-UltrasonicSensorHandler.production.obj
                cinit                                13       13        F        8       0
                intentry                              4        4        D        8       0
                text16                              263      263       A3        8       0
                text15                              60E      60E       23        8       0
                text14                              59C      59C       3E        8       0
                text13                              416      416       75        8       0
                text12                              4FD      4FD       5B        8       0
                text11                              5DA      5DA       34        8       0
                text10                              10F      10F       AF        8       0
                text9                               1BE      1BE       A5        8       0
                text8                               670      670       1C      CE0       0
                text7                               68C      68C       16      CE0       0
                text6                               48B      48B       72        8       0
                text5                               395      395       81        8       0
                text4                               306      306       8F        8       0
                text3                                22       22       ED        8       0
                text2                               6A2      6A2        C      CE0       0
                text1                               631      631       21        8       0
                maintext                            558      558       44        8       0
                cstackBANK0                          20       20       2B       20       1
                cstackCOMMON                         70       70        E       70       1
                clrtext                             6AE      6AE        8      CE0       0
                bssBANK1                             A0       A0       1C       A0       1
                bssBANK0                             4B       4B       25       20       1
                strings                             652      652       1E      CA4       0

TOTAL           Name                               Link     Load   Length     Space
        CLASS   STACK          

        CLASS   CODE           
                end_init                             11       11        2         0
                cinit                                13       13        F         0
                intentry                              4        4        D         0
                reset_vec                             0        0        2         0
                text16                              263      263       A3         0
                text15                              60E      60E       23         0
                text14                              59C      59C       3E         0
                text13                              416      416       75         0
                text12                              4FD      4FD       5B         0
                text11                              5DA      5DA       34         0
                text10                              10F      10F       AF         0
                text9                               1BE      1BE       A5         0
                text8                               670      670       1C         0
                text7                               68C      68C       16         0
                text6                               48B      48B       72         0
                text5                               395      395       81         0
                text4                               306      306       8F         0
                text3                                22       22       ED         0
                text2                               6A2      6A2        C         0
                text1                               631      631       21         0
                maintext                            558      558       44         0
                clrtext                             6AE      6AE        8         0

        CLASS   STRCODE        

        CLASS   STRING         
                strings                             652      652       1E         0

        CLASS   CONST          

        CLASS   ENTRY          

        CLASS   COMMON         
                cstackCOMMON                         70       70        E         1

        CLASS   BANK0          
                cstackBANK0                          20       20       2B         1
                bssBANK0                             4B       4B       25         1

        CLASS   BANK1          
                bssBANK1                             A0       A0       1C         1

        CLASS   BANK2          

        CLASS   RAM            

        CLASS   ABS1           
                abs_s1                               7E       7E        2         1

        CLASS   SFR0           

        CLASS   SFR1           

        CLASS   SFR2           

        CLASS   SFR3           

        CLASS   CONFIG         
                config                             2007     2007        2         0

        CLASS   IDLOC          

        CLASS   EEDATA         

        CLASS   BANK3          



SEGMENTS        Name                           Load    Length   Top    Selector   Space  Class     Delta

                reset_vec                      000000  000002  000002         0       0  CODE        2
                intentry                       000004  00064E  000652         8       0  CODE        2
                cstackBANK0                    000020  000050  000070        20       1  BANK0       1
                cstackCOMMON                   000070  00000E  00007E        70       1  COMMON      1
                bssBANK1                       0000A0  00001C  0000BC        A0       1  BANK1       1
                strings                        000652  00001E  000670       CA4       0  STRING      2
                text8                          000670  000046  0006B6       CE0       0  CODE        2
                config                         002007  000002  002009      400E       0  CONFIG      2


UNUSED ADDRESS RANGES

        Name                Unused          Largest block    Delta
        BANK1            00BC-00EF             34           1
        BANK2            0120-016F             50           1
        CODE             0002-0003              2           2
                         06B6-0FFF            14A
        CONST            0002-0003              2           2
                         06B6-0FFF            100
        EEDATA           2100-21FF            100           2
        ENTRY            0002-0003              2           2
                         06B6-0FFF            100
        IDLOC            2000-2003              4           2
        RAM              00BC-00EF             34           1
                         0120-016F             50
        SFR0             0000-001F             20           1
        SFR1             0080-009F             20           1
        SFR2             0100-011F             20           1
        SFR3             0180-01EF             70           1
        STACK            0120-016F             50           1
        STRCODE          0002-0003              2           2
                         06B6-0FFF            94A
        STRING           0002-0003              2           2
                         06B6-0FFF            100

                                  Symbol Table

?___aldiv                    cstackBANK0  0020
?___awdiv                    cstackBANK0  0020
?___lwdiv                    cstackBANK0  0020
?___lwmod                    cstackBANK0  0028
?_sprintf                    cstackBANK0  002E
CalcularDistancia@distancias cstackBANK0  0044
CalcularDistancia@t4         cstackBANK0  0046
CalcularDistancia@t5         cstackBANK0  0041
CalcularDistancia@t6         cstackBANK0  0042
CalcularDistancia@t7         cstackBANK0  0043
IntPortb@rbon                cstackCOMMON 0073
IntPortb@t4                  cstackCOMMON 0075
IntPortb@t5                  cstackCOMMON 0070
IntPortb@t6                  cstackCOMMON 0071
IntPortb@t7                  cstackCOMMON 0072
MediaMedidas@i               cstackBANK0  0030
MediaMedidas@num             cstackBANK0  002E
MediaMedidas@sum             cstackBANK0  002C
MediaMedidas@t               cstackBANK0  002F
ResetEcho@rbon               cstackBANK0  0021
ShiftArrays@i                cstackBANK0  002A
ShiftArrays@t4               cstackBANK0  0029
ShiftArrays@t5               cstackBANK0  0020
ShiftArrays@t6               cstackBANK0  0021
ShiftArrays@t7               cstackBANK0  0022
UART_Init@baudrate           cstackBANK0  002F
UART_Init@x                  cstackBANK0  003F
UART_Write@data              cstackBANK0  0020
UART_Write_Text@i            cstackBANK0  0022
UART_Write_Text@text         cstackBANK0  0024
_ANSELH                      (abs)        0189
_BRGH                        (abs)        04C2
_CREN                        (abs)        00C4
_CalcularDistancia           text9        01BE
_GIE                         (abs)        005F
_INTCON                      (abs)        000B
_IOCB                        (abs)        0096
_Inicializaciones            text8        0670
_IntPortb                    text16       0263
_Interrupcion                text15       060E
_MediaMedidas                text13       0416
_OSCCON                      (abs)        008F
_PORTB                       (abs)        0006
_RB0                         (abs)        0030
_RB1                         (abs)        0031
_RB2                         (abs)        0032
_RB3                         (abs)        0033
_RB4                         (abs)        0034
_RB5                         (abs)        0035
_RB6                         (abs)        0036
_RB7                         (abs)        0037
_RBIE                        (abs)        005B
_RBIF                        (abs)        0058
_ResetEcho                   text7        068C
_SPBRG                       (abs)        0099
_SPEN                        (abs)        00C7
_SYNC                        (abs)        04C4
_ShiftArrays                 text6        048B
_T1CON                       (abs)        0010
_TMR1                        (abs)        000E
_TMR1ON                      (abs)        0080
_TRISB                       (abs)        0086
_TRISB4                      (abs)        0434
_TRISB5                      (abs)        0435
_TRISB6                      (abs)        0436
_TRISB7                      (abs)        0437
_TRISC6                      (abs)        043E
_TRISC7                      (abs)        043F
_TRMT                        (abs)        04C1
_TX9                         (abs)        04C6
_TXEN                        (abs)        04C5
_TXREG                       (abs)        0019
_Trigger                     text5        0395
_UART_Init                   text3        0022
_UART_Write                  text2        06A2
_UART_Write_Text             text1        0631
__CFG_BOR4V$BOR21V           (abs)        0000
__CFG_BOREN$ON               (abs)        0000
__CFG_CP$OFF                 (abs)        0000
__CFG_CPD$OFF                (abs)        0000
__CFG_FCMEN$ON               (abs)        0000
__CFG_FOSC$INTRC_CLKOUT      (abs)        0000
__CFG_IESO$ON                (abs)        0000
__CFG_LVP$OFF                (abs)        0000
__CFG_MCLRE$ON               (abs)        0000
__CFG_PWRTE$OFF              (abs)        0000
__CFG_WDTE$OFF               (abs)        0000
__CFG_WRT$OFF                (abs)        0000
__Habs1                      abs1         0000
__Hbank0                     bank0        0000
__Hbank1                     bank1        0000
__Hbank2                     bank2        0000
__Hbank3                     bank3        0000
__HbssBANK0                  bssBANK0     0000
__HbssBANK1                  bssBANK1     0000
__Hcinit                     cinit        0022
__Hclrtext                   clrtext      0000
__Hcode                      code         0000
__Hcommon                    common       0000
__Hconfig                    config       2009
__HcstackBANK0               cstackBANK0  0000
__HcstackCOMMON              cstackCOMMON 0000
__Heeprom_data               eeprom_data  0000
__Hend_init                  end_init     0013
__Hfunctab                   functab      0000
__Hidloc                     idloc        0000
__Hinit                      init         0011
__Hintentry                  intentry     0011
__Hmaintext                  maintext     0000
__Hpowerup                   powerup      0000
__Hram                       ram          0000
__Hreset_vec                 reset_vec    0002
__Hsfr0                      sfr0         0000
__Hsfr1                      sfr1         0000
__Hsfr2                      sfr2         0000
__Hsfr3                      sfr3         0000
__Hspace_0                   (abs)        2009
__Hspace_1                   (abs)        00BC
__Hspace_2                   (abs)        0000
__Hspace_3                   (abs)        0000
__Hstack                     stack        0000
__Hstrings                   strings      0000
__Htext                      text         0000
__Labs1                      abs1         0000
__Lbank0                     bank0        0000
__Lbank1                     bank1        0000
__Lbank2                     bank2        0000
__Lbank3                     bank3        0000
__LbssBANK0                  bssBANK0     0000
__LbssBANK1                  bssBANK1     0000
__Lcinit                     cinit        0013
__Lclrtext                   clrtext      0000
__Lcode                      code         0000
__Lcommon                    common       0000
__Lconfig                    config       2007
__LcstackBANK0               cstackBANK0  0000
__LcstackCOMMON              cstackCOMMON 0000
__Leeprom_data               eeprom_data  0000
__Lend_init                  end_init     0011
__Lfunctab                   functab      0000
__Lidloc                     idloc        0000
__Linit                      init         0011
__Lintentry                  intentry     0004
__Lmaintext                  maintext     0000
__Lpowerup                   powerup      0000
__Lram                       ram          0000
__Lreset_vec                 reset_vec    0000
__Lsfr0                      sfr0         0000
__Lsfr1                      sfr1         0000
__Lsfr2                      sfr2         0000
__Lsfr3                      sfr3         0000
__Lspace_0                   (abs)        0000
__Lspace_1                   (abs)        0000
__Lspace_2                   (abs)        0000
__Lspace_3                   (abs)        0000
__Lstack                     stack        0000
__Lstrings                   strings      0000
__Ltext                      text         0000
__S0                         (abs)        2009
__S1                         (abs)        00BC
__S2                         (abs)        0000
__S3                         (abs)        0000
___aldiv                     text4        0306
___aldiv@counter             cstackBANK0  0029
___aldiv@dividend            cstackBANK0  0024
___aldiv@divisor             cstackBANK0  0020
___aldiv@quotient            cstackBANK0  002B
___aldiv@sign                cstackBANK0  002A
___awdiv                     text12       04FD
___awdiv@counter             cstackBANK0  0025
___awdiv@dividend            cstackBANK0  0022
___awdiv@divisor             cstackBANK0  0020
___awdiv@quotient            cstackBANK0  0027
___awdiv@sign                cstackBANK0  0026
___int_sp                    stack        0000
___latbits                   (abs)        0001
___lwdiv                     text14       059C
___lwdiv@counter             cstackBANK0  0027
___lwdiv@dividend            cstackBANK0  0022
___lwdiv@divisor             cstackBANK0  0020
___lwdiv@quotient            cstackBANK0  0025
___lwmod                     text11       05DA
___lwmod@counter             cstackBANK0  002D
___lwmod@dividend            cstackBANK0  002A
___lwmod@divisor             cstackBANK0  0028
___sp                        stack        0000
__end_of_CalcularDistancia   text9        0263
__end_of_Inicializaciones    text8        068C
__end_of_IntPortb            text16       0306
__end_of_Interrupcion        text15       0631
__end_of_MediaMedidas        text13       048B
__end_of_ResetEcho           text7        06A2
__end_of_ShiftArrays         text6        04FD
__end_of_Trigger             text5        0416
__end_of_UART_Init           text3        010F
__end_of_UART_Write          text2        06AE
__end_of_UART_Write_Text     text1        0652
__end_of___aldiv             text4        0395
__end_of___awdiv             text12       0558
__end_of___lwdiv             text14       05DA
__end_of___lwmod             text11       060E
__end_of__initialization     cinit        001F
__end_of__stringtab          strings      0658
__end_of_dpowers             strings      0662
__end_of_main                maintext     059C
__end_of_sprintf             text10       01BE
__initialization             cinit        0013
__pbssBANK0                  bssBANK0     004B
__pbssBANK1                  bssBANK1     00A0
__pcstackBANK0               cstackBANK0  0020
__pcstackCOMMON              cstackCOMMON 0070
__pintentry                  intentry     0004
__pmaintext                  maintext     0558
__pstrings                   strings      0652
__ptext1                     text1        0631
__ptext10                    text10       010F
__ptext11                    text11       05DA
__ptext12                    text12       04FD
__ptext13                    text13       0416
__ptext14                    text14       059C
__ptext15                    text15       060E
__ptext16                    text16       0263
__ptext2                     text2        06A2
__ptext3                     text3        0022
__ptext4                     text4        0306
__ptext5                     text5        0395
__ptext6                     text6        048B
__ptext7                     text7        068C
__ptext8                     text8        0670
__ptext9                     text9        01BE
__size_of_CalcularDistancia  (abs)        0000
__size_of_Inicializaciones   (abs)        0000
__size_of_IntPortb           (abs)        0000
__size_of_Interrupcion       (abs)        0000
__size_of_MediaMedidas       (abs)        0000
__size_of_ResetEcho          (abs)        0000
__size_of_ShiftArrays        (abs)        0000
__size_of_Trigger            (abs)        0000
__size_of_UART_Init          (abs)        0000
__size_of_UART_Write         (abs)        0000
__size_of_UART_Write_Text    (abs)        0000
__size_of___aldiv            (abs)        0000
__size_of___awdiv            (abs)        0000
__size_of___lwdiv            (abs)        0000
__size_of___lwmod            (abs)        0000
__size_of_main               (abs)        0000
__size_of_sprintf            (abs)        0000
__stringbase                 strings      0657
__stringtab                  strings      0652
_distancias                  bssBANK1     00A0
_dpowers                     strings      0658
_main                        maintext     0558
_rbon                        bssBANK0     006F
_sprintf                     text10       010F
_t4                          bssBANK0     004B
_t5                          bssBANK0     0057
_t6                          bssBANK0     0063
_t7                          bssBANK1     00B0
btemp                        (abs)        007E
clear_ram0                   clrtext      06AE
end_of_initialization        cinit        001F
interrupt_function           intentry     0004
intlevel0                    functab      0000
intlevel1                    functab      0000
intlevel2                    functab      0000
intlevel3                    functab      0000
intlevel4                    functab      0000
intlevel5                    functab      0000
ltemp                        (abs)        007E
ltemp0                       (abs)        007E
ltemp1                       (abs)        0082
ltemp2                       (abs)        0086
ltemp3                       (abs)        0080
reset_vec                    reset_vec    0000
saved_w                      (abs)        007E
sprintf@ap                   cstackBANK0  003B
sprintf@c                    cstackBANK0  0040
sprintf@f                    cstackBANK0  002E
sprintf@flag                 cstackBANK0  003A
sprintf@prec                 cstackBANK0  003E
sprintf@sp                   cstackBANK0  003F
sprintf@val                  cstackBANK0  003C
stackhi                      (abs)        0000
stacklo                      (abs)        0000
start                        init         0011
start_initialization         cinit        0013
ttemp                        (abs)        007E
ttemp0                       (abs)        007E
ttemp1                       (abs)        0081
ttemp2                       (abs)        0084
ttemp3                       (abs)        0087
ttemp4                       (abs)        007F
wtemp                        (abs)        007E
wtemp0                       (abs)        007E
wtemp1                       (abs)        0080
wtemp2                       (abs)        0082
wtemp3                       (abs)        0084
wtemp4                       (abs)        0086
wtemp5                       (abs)        0088
wtemp6                       (abs)        007F


FUNCTION INFORMATION:

 *************** function _main *****************
 Defined at:
		line 41 in file "main.c"
 Parameters:    Size  Location     Type
		None
 Auto vars:     Size  Location     Type
		None
 Return value:  Size  Location     Type
                  1    wreg      void 
 Registers used:
		wreg, fsr0l, fsr0h, status,2, status,0, btemp+1, pclath, cstack
 Tracked objects:
		On entry : 
		On exit  : 
		Unchanged: 
 Data sizes:     COMMON   BANK0   BANK1   BANK2
      Params:         0       0       0       0
      Locals:         0       0       0       0
      Temps:          0       4       0       0
      Totals:         0       4       0       0
Total ram usage:        4 bytes
 Hardware stack levels required when called:    5
 This function calls:
		_CalcularDistancia
		_Inicializaciones
		_ResetEcho
		_ShiftArrays
		_Trigger
		_UART_Init
		_UART_Write_Text
 This function is called by:
		Startup code after reset
 This function uses a non-reentrant model


 *************** function _UART_Write_Text *****************
 Defined at:
		line 48 in file "Uart.c"
 Parameters:    Size  Location     Type
  text            1    wreg     PTR unsigned char 
		 -> distancias(16), 
 Auto vars:     Size  Location     Type
  text            1    4[BANK0 ] PTR unsigned char 
		 -> distancias(16), 
  i               2    2[BANK0 ] int 
 Return value:  Size  Location     Type
                  1    wreg      void 
 Registers used:
		wreg, fsr0l, fsr0h, status,2, status,0, pclath, cstack
 Tracked objects:
		On entry : 
		On exit  : 
		Unchanged: 
 Data sizes:     COMMON   BANK0   BANK1   BANK2
      Params:         0       0       0       0
      Locals:         0       3       0       0
      Temps:          0       1       0       0
      Totals:         0       4       0       0
Total ram usage:        4 bytes
 Hardware stack levels used:    1
 Hardware stack levels required when called:    3
 This function calls:
		_UART_Write
 This function is called by:
		_main
 This function uses a non-reentrant model


 *************** function _UART_Write *****************
 Defined at:
		line 43 in file "Uart.c"
 Parameters:    Size  Location     Type
  data            1    wreg     unsigned char 
 Auto vars:     Size  Location     Type
  data            1    0[BANK0 ] unsigned char 
 Return value:  Size  Location     Type
                  1    wreg      void 
 Registers used:
		wreg
 Tracked objects:
		On entry : 
		On exit  : 
		Unchanged: 
 Data sizes:     COMMON   BANK0   BANK1   BANK2
      Params:         0       0       0       0
      Locals:         0       1       0       0
      Temps:          0       0       0       0
      Totals:         0       1       0       0
Total ram usage:        1 bytes
 Hardware stack levels used:    1
 Hardware stack levels required when called:    2
 This function calls:
		Nothing
 This function is called by:
		_UART_Write_Text
 This function uses a non-reentrant model


 *************** function _UART_Init *****************
 Defined at:
		line 3 in file "Uart.c"
 Parameters:    Size  Location     Type
  baudrate        4   15[BANK0 ] const long 
 Auto vars:     Size  Location     Type
  x               2   31[BANK0 ] unsigned int 
 Return value:  Size  Location     Type
                  1    wreg      unsigned char 
 Registers used:
		wreg, status,2, status,0, pclath, cstack
 Tracked objects:
		On entry : 
		On exit  : 
		Unchanged: 
 Data sizes:     COMMON   BANK0   BANK1   BANK2
      Params:         0       4       0       0
      Locals:         0       2       0       0
      Temps:          0      12       0       0
      Totals:         0      18       0       0
Total ram usage:       18 bytes
 Hardware stack levels used:    1
 Hardware stack levels required when called:    3
 This function calls:
		___aldiv
 This function is called by:
		_main
 This function uses a non-reentrant model


 *************** function ___aldiv *****************
 Defined at:
		line 6 in file "C:\Program Files (x86)\Microchip\xc8\v1.37\sources\common\aldiv.c"
 Parameters:    Size  Location     Type
  divisor         4    0[BANK0 ] long 
  dividend        4    4[BANK0 ] long 
 Auto vars:     Size  Location     Type
  quotient        4   11[BANK0 ] long 
  sign            1   10[BANK0 ] unsigned char 
  counter         1    9[BANK0 ] unsigned char 
 Return value:  Size  Location     Type
                  4    0[BANK0 ] long 
 Registers used:
		wreg, status,2, status,0
 Tracked objects:
		On entry : 
		On exit  : 
		Unchanged: 
 Data sizes:     COMMON   BANK0   BANK1   BANK2
      Params:         0       8       0       0
      Locals:         0       6       0       0
      Temps:          0       1       0       0
      Totals:         0      15       0       0
Total ram usage:       15 bytes
 Hardware stack levels used:    1
 Hardware stack levels required when called:    2
 This function calls:
		Nothing
 This function is called by:
		_UART_Init
 This function uses a non-reentrant model


 *************** function _Trigger *****************
 Defined at:
		line 34 in file "Funciones.c"
 Parameters:    Size  Location     Type
		None
 Auto vars:     Size  Location     Type
		None
 Return value:  Size  Location     Type
                  1    wreg      void 
 Registers used:
		wreg
 Tracked objects:
		On entry : 
		On exit  : 
		Unchanged: 
 Data sizes:     COMMON   BANK0   BANK1   BANK2
      Params:         0       0       0       0
      Locals:         0       0       0       0
      Temps:          0       2       0       0
      Totals:         0       2       0       0
Total ram usage:        2 bytes
 Hardware stack levels used:    1
 Hardware stack levels required when called:    2
 This function calls:
		Nothing
 This function is called by:
		_main
 This function uses a non-reentrant model


 *************** function _ShiftArrays *****************
 Defined at:
		line 129 in file "Funciones.c"
 Parameters:    Size  Location     Type
  t4              1    wreg     PTR int 
		 -> t4(12), 
  t5              1    0[BANK0 ] PTR int 
		 -> t5(12), 
  t6              1    1[BANK0 ] PTR int 
		 -> t6(12), 
  t7              1    2[BANK0 ] PTR int 
		 -> t7(12), 
 Auto vars:     Size  Location     Type
  t4              1    9[BANK0 ] PTR int 
		 -> t4(12), 
  i               1   10[BANK0 ] unsigned char 
 Return value:  Size  Location     Type
                  1    wreg      void 
 Registers used:
		wreg, fsr0l, fsr0h, status,2, status,0
 Tracked objects:
		On entry : 
		On exit  : 
		Unchanged: 
 Data sizes:     COMMON   BANK0   BANK1   BANK2
      Params:         0       3       0       0
      Locals:         0       2       0       0
      Temps:          0       6       0       0
      Totals:         0      11       0       0
Total ram usage:       11 bytes
 Hardware stack levels used:    1
 Hardware stack levels required when called:    2
 This function calls:
		Nothing
 This function is called by:
		_main
 This function uses a non-reentrant model


 *************** function _ResetEcho *****************
 Defined at:
		line 138 in file "Funciones.c"
 Parameters:    Size  Location     Type
  rbon            1    wreg     PTR unsigned char 
		 -> rbon(1), NULL(0), 
 Auto vars:     Size  Location     Type
  rbon            1    1[BANK0 ] PTR unsigned char 
		 -> rbon(1), NULL(0), 
 Return value:  Size  Location     Type
                  1    wreg      void 
 Registers used:
		wreg, status,2
 Tracked objects:
		On entry : 
		On exit  : 
		Unchanged: 
 Data sizes:     COMMON   BANK0   BANK1   BANK2
      Params:         0       0       0       0
      Locals:         0       1       0       0
      Temps:          0       1       0       0
      Totals:         0       2       0       0
Total ram usage:        2 bytes
 Hardware stack levels used:    1
 Hardware stack levels required when called:    2
 This function calls:
		Nothing
 This function is called by:
		_main
 This function uses a non-reentrant model


 *************** function _Inicializaciones *****************
 Defined at:
		line 8 in file "Funciones.c"
 Parameters:    Size  Location     Type
		None
 Auto vars:     Size  Location     Type
		None
 Return value:  Size  Location     Type
                  1    wreg      void 
 Registers used:
		wreg, status,2
 Tracked objects:
		On entry : 
		On exit  : 
		Unchanged: 
 Data sizes:     COMMON   BANK0   BANK1   BANK2
      Params:         0       0       0       0
      Locals:         0       0       0       0
      Temps:          0       1       0       0
      Totals:         0       1       0       0
Total ram usage:        1 bytes
 Hardware stack levels used:    1
 Hardware stack levels required when called:    2
 This function calls:
		Nothing
 This function is called by:
		_main
 This function uses a non-reentrant model


 *************** function _CalcularDistancia *****************
 Defined at:
		line 74 in file "Funciones.c"
 Parameters:    Size  Location     Type
  t4              1    wreg     PTR int 
		 -> t4(12), 
  t5              1   33[BANK0 ] PTR int 
		 -> t5(12), 
  t6              1   34[BANK0 ] PTR int 
		 -> t6(12), 
  t7              1   35[BANK0 ] PTR int 
		 -> t7(12), 
  distancias      1   36[BANK0 ] PTR unsigned char 
		 -> distancias(16), 
 Auto vars:     Size  Location     Type
  t4              1   38[BANK0 ] PTR int 
		 -> t4(12), 
 Return value:  Size  Location     Type
                  1    wreg      void 
 Registers used:
		wreg, fsr0l, fsr0h, status,2, status,0, btemp+1, pclath, cstack
 Tracked objects:
		On entry : 
		On exit  : 
		Unchanged: 
 Data sizes:     COMMON   BANK0   BANK1   BANK2
      Params:         0       4       0       0
      Locals:         0       1       0       0
      Temps:          0       1       0       0
      Totals:         0       6       0       0
Total ram usage:        6 bytes
 Hardware stack levels used:    1
 Hardware stack levels required when called:    4
 This function calls:
		_MediaMedidas
		___awdiv
		_sprintf
 This function is called by:
		_main
 This function uses a non-reentrant model


 *************** function _sprintf *****************
 Defined at:
		line 492 in file "C:\Program Files (x86)\Microchip\xc8\v1.37\sources\common\doprnt.c"
 Parameters:    Size  Location     Type
  sp              1    wreg     PTR unsigned char 
		 -> distancias(16), 
  f               1   14[BANK0 ] PTR const unsigned char 
		 -> STR_1(14), 
 Auto vars:     Size  Location     Type
  sp              1   31[BANK0 ] PTR unsigned char 
		 -> distancias(16), 
  tmpval          4    0        struct .
  val             2   28[BANK0 ] unsigned int 
  cp              2    0        PTR const unsigned char 
  len             2    0        unsigned int 
  c               1   32[BANK0 ] char 
  prec            1   30[BANK0 ] char 
  ap              1   27[BANK0 ] PTR void [1]
		 -> ?_sprintf(2), 
  flag            1   26[BANK0 ] unsigned char 
 Return value:  Size  Location     Type
                  2   14[BANK0 ] int 
 Registers used:
		wreg, fsr0l, fsr0h, status,2, status,0, btemp+1, pclath, cstack
 Tracked objects:
		On entry : 
		On exit  : 
		Unchanged: 
 Data sizes:     COMMON   BANK0   BANK1   BANK2
      Params:         0       9       0       0
      Locals:         0       7       0       0
      Temps:          0       3       0       0
      Totals:         0      19       0       0
Total ram usage:       19 bytes
 Hardware stack levels used:    1
 Hardware stack levels required when called:    3
 This function calls:
		___lwdiv
		___lwmod
 This function is called by:
		_CalcularDistancia
 This function uses a non-reentrant model


 *************** function ___lwmod *****************
 Defined at:
		line 6 in file "C:\Program Files (x86)\Microchip\xc8\v1.37\sources\common\lwmod.c"
 Parameters:    Size  Location     Type
  divisor         2    8[BANK0 ] unsigned int 
  dividend        2   10[BANK0 ] unsigned int 
 Auto vars:     Size  Location     Type
  counter         1   13[BANK0 ] unsigned char 
 Return value:  Size  Location     Type
                  2    8[BANK0 ] unsigned int 
 Registers used:
		wreg, status,2, status,0
 Tracked objects:
		On entry : 
		On exit  : 
		Unchanged: 
 Data sizes:     COMMON   BANK0   BANK1   BANK2
      Params:         0       4       0       0
      Locals:         0       1       0       0
      Temps:          0       1       0       0
      Totals:         0       6       0       0
Total ram usage:        6 bytes
 Hardware stack levels used:    1
 Hardware stack levels required when called:    2
 This function calls:
		Nothing
 This function is called by:
		_sprintf
 This function uses a non-reentrant model


 *************** function ___awdiv *****************
 Defined at:
		line 6 in file "C:\Program Files (x86)\Microchip\xc8\v1.37\sources\common\awdiv.c"
 Parameters:    Size  Location     Type
  divisor         2    0[BANK0 ] int 
  dividend        2    2[BANK0 ] int 
 Auto vars:     Size  Location     Type
  quotient        2    7[BANK0 ] int 
  sign            1    6[BANK0 ] unsigned char 
  counter         1    5[BANK0 ] unsigned char 
 Return value:  Size  Location     Type
                  2    0[BANK0 ] int 
 Registers used:
		wreg, status,2, status,0
 Tracked objects:
		On entry : 
		On exit  : 
		Unchanged: 
 Data sizes:     COMMON   BANK0   BANK1   BANK2
      Params:         0       4       0       0
      Locals:         0       4       0       0
      Temps:          0       1       0       0
      Totals:         0       9       0       0
Total ram usage:        9 bytes
 Hardware stack levels used:    1
 Hardware stack levels required when called:    2
 This function calls:
		Nothing
 This function is called by:
		_CalcularDistancia
 This function uses a non-reentrant model


 *************** function _MediaMedidas *****************
 Defined at:
		line 89 in file "Funciones.c"
 Parameters:    Size  Location     Type
  t               1    wreg     PTR int 
		 -> t7(12), t6(12), t5(12), t4(12), 
 Auto vars:     Size  Location     Type
  t               1   15[BANK0 ] PTR int 
		 -> t7(12), t6(12), t5(12), t4(12), 
  i               1   16[BANK0 ] unsigned char 
  sum             2   12[BANK0 ] unsigned int 
  num             1   14[BANK0 ] unsigned char 
 Return value:  Size  Location     Type
                  1    wreg      void 
 Registers used:
		wreg, fsr0l, fsr0h, status,2, status,0, btemp+1, pclath, cstack
 Tracked objects:
		On entry : 
		On exit  : 
		Unchanged: 
 Data sizes:     COMMON   BANK0   BANK1   BANK2
      Params:         0       0       0       0
      Locals:         0       5       0       0
      Temps:          0       4       0       0
      Totals:         0       9       0       0
Total ram usage:        9 bytes
 Hardware stack levels used:    1
 Hardware stack levels required when called:    3
 This function calls:
		___lwdiv
 This function is called by:
		_CalcularDistancia
 This function uses a non-reentrant model


 *************** function ___lwdiv *****************
 Defined at:
		line 6 in file "C:\Program Files (x86)\Microchip\xc8\v1.37\sources\common\lwdiv.c"
 Parameters:    Size  Location     Type
  divisor         2    0[BANK0 ] unsigned int 
  dividend        2    2[BANK0 ] unsigned int 
 Auto vars:     Size  Location     Type
  quotient        2    5[BANK0 ] unsigned int 
  counter         1    7[BANK0 ] unsigned char 
 Return value:  Size  Location     Type
                  2    0[BANK0 ] unsigned int 
 Registers used:
		wreg, status,2, status,0
 Tracked objects:
		On entry : 
		On exit  : 
		Unchanged: 
 Data sizes:     COMMON   BANK0   BANK1   BANK2
      Params:         0       4       0       0
      Locals:         0       3       0       0
      Temps:          0       1       0       0
      Totals:         0       8       0       0
Total ram usage:        8 bytes
 Hardware stack levels used:    1
 Hardware stack levels required when called:    2
 This function calls:
		Nothing
 This function is called by:
		_MediaMedidas
		_sprintf
 This function uses a non-reentrant model


 *************** function _Interrupcion *****************
 Defined at:
		line 69 in file "main.c"
 Parameters:    Size  Location     Type
		None
 Auto vars:     Size  Location     Type
		None
 Return value:  Size  Location     Type
                  1    wreg      void 
 Registers used:
		wreg, fsr0l, fsr0h, status,2, status,0, pclath, cstack
 Tracked objects:
		On entry : 
		On exit  : 
		Unchanged: 
 Data sizes:     COMMON   BANK0   BANK1   BANK2
      Params:         0       0       0       0
      Locals:         0       0       0       0
      Temps:          8       0       0       0
      Totals:         8       0       0       0
Total ram usage:        8 bytes
 Hardware stack levels used:    1
 Hardware stack levels required when called:    1
 This function calls:
		_IntPortb
 This function is called by:
		Interrupt level 1
 This function uses a non-reentrant model


 *************** function _IntPortb *****************
 Defined at:
		line 146 in file "Funciones.c"
 Parameters:    Size  Location     Type
  t4              1    wreg     PTR int 
		 -> t4(12), 
  t5              1    0[COMMON] PTR int 
		 -> t5(12), 
  t6              1    1[COMMON] PTR int 
		 -> t6(12), 
  t7              1    2[COMMON] PTR int 
		 -> t7(12), 
  rbon            1    3[COMMON] PTR unsigned char 
		 -> rbon(1), 
 Auto vars:     Size  Location     Type
  t4              1    5[COMMON] PTR int 
		 -> t4(12), 
 Return value:  Size  Location     Type
                  1    wreg      void 
 Registers used:
		wreg, fsr0l, fsr0h, status,2, status,0
 Tracked objects:
		On entry : 
		On exit  : 
		Unchanged: 
 Data sizes:     COMMON   BANK0   BANK1   BANK2
      Params:         4       0       0       0
      Locals:         1       0       0       0
      Temps:          1       0       0       0
      Totals:         6       0       0       0
Total ram usage:        6 bytes
 Hardware stack levels used:    1
 This function calls:
		Nothing
 This function is called by:
		_Interrupcion
 This function uses a non-reentrant model



MODULE INFORMATION

Module		Function		Class		Link	Load	Size
C:\Program Files (x86)\Microchip\xc8\v1.37\sources\common\doprnt.c
		_sprintf       		CODE           	010F	0000	176

C:\Program Files (x86)\Microchip\xc8\v1.37\sources\common\doprnt.c estimated size: 176

C:\Program Files (x86)\Microchip\xc8\v1.37\sources\common\lwdiv.c
		___lwdiv       		CODE           	059C	0000	63

C:\Program Files (x86)\Microchip\xc8\v1.37\sources\common\lwdiv.c estimated size: 63

C:\Program Files (x86)\Microchip\xc8\v1.37\sources\common\awdiv.c
		___awdiv       		CODE           	04FD	0000	92

C:\Program Files (x86)\Microchip\xc8\v1.37\sources\common\awdiv.c estimated size: 92

C:\Program Files (x86)\Microchip\xc8\v1.37\sources\common\aldiv.c
		___aldiv       		CODE           	0306	0000	144

C:\Program Files (x86)\Microchip\xc8\v1.37\sources\common\aldiv.c estimated size: 144

Funciones.c
		_MediaMedidas  		CODE           	0416	0000	118
		_Inicializaciones		CODE           	0670	0000	29
		_CalcularDistancia		CODE           	01BE	0000	166
		_IntPortb      		CODE           	0263	0000	164
		_ShiftArrays   		CODE           	048B	0000	115
		_ResetEcho     		CODE           	068C	0000	23
		_Trigger       		CODE           	0395	0000	130

Funciones.c estimated size: 745

shared
		__stringtab    		STRING         	0652	0000	7
		_dpowers       		STRING         	0658	0000	11
		__initialization		CODE           	0013	0000	13

shared estimated size: 31

Uart.c
		_UART_Init     		CODE           	0022	0000	238
		_UART_Write_Text		CODE           	0631	0000	34
		_UART_Write    		CODE           	06A2	0000	13

Uart.c estimated size: 285

main.c
		_Interrupcion  		CODE           	060E	0000	36
		_main          		CODE           	0558	0000	69

main.c estimated size: 105

C:\Program Files (x86)\Microchip\xc8\v1.37\sources\common\lwmod.c
		___lwmod       		CODE           	05DA	0000	53

C:\Program Files (x86)\Microchip\xc8\v1.37\sources\common\lwmod.c estimated size: 53

