Microchip MPLAB XC8 Compiler V1.37 ()

Linker command line:

-W-3 --edf=C:\Program Files (x86)\Microchip\xc8\v1.37\dat\en_msgs.txt -cs \
  -h+dist/default/production\PIC16F883-UltrasonicSensorHandler.production.sym \
  --cmf=dist/default/production\PIC16F883-UltrasonicSensorHandler.production.cmf \
  -z -Q16F883 -oC:\Users\Fu\AppData\Local\Temp\s77g.2 \
  -Mdist/default/production/PIC16F883-UltrasonicSensorHandler.production.map \
  -E1 -ver=XC8 -ASTACK=0120h-016fh -pstack=STACK -ACODE=00h-07FFhx2 \
  -ASTRCODE=00h-0FFFh -ASTRING=00h-0FFhx16 -ACONST=00h-0FFhx16 \
  -AENTRY=00h-0FFhx16 -ACOMMON=070h-07Fh -ABANK0=020h-06Fh \
  -ABANK1=0A0h-0EFh -ABANK2=0120h-016Fh \
  -ARAM=020h-06Fh,0A0h-0EFh,0120h-016Fh \
  -AABS1=020h-07Fh,0A0h-0EFh,0120h-016Fh -ASFR0=00h-01Fh -ASFR1=080h-09Fh \
  -ASFR2=0100h-011Fh -ASFR3=0180h-01EFh \
  -preset_vec=00h,intentry=04h,init,end_init -ppowerup=CODE -pcinit=CODE \
  -pfunctab=CODE -ACONFIG=02007h-02008h -pconfig=CONFIG -DCONFIG=2 \
  -AIDLOC=02000h-02003h -pidloc=IDLOC -DIDLOC=2 -AEEDATA=00h-0FFh/02100h \
  -peeprom_data=EEDATA -DEEDATA=2 -DCODE=2 -DSTRCODE=2 -DSTRING=2 -DCONST=2 \
  -DENTRY=2 -k C:\Users\Fu\AppData\Local\Temp\s77g.obj \
  dist/default/production\PIC16F883-UltrasonicSensorHandler.production.obj 

Object code version is 3.11

Machine type is 16F883



                Name                               Link     Load   Length Selector   Space Scale
C:\Users\Fu\AppData\Local\Temp\s77g.obj
                end_init                             11       11        2        8       0
                reset_vec                             0        0        2        0       0
                config                             2007     2007        2     400E       0
dist/default/production\PIC16F883-UltrasonicSensorHandler.production.obj
                cinit                                13       13        F        8       0
                intentry                              4        4        D        8       0
                text11                              322      322       41        8       0
                text10                              1F4      1F4       72        8       0
                text9                               39E      39E       2A        8       0
                text8                               2C7      2C7       5B        8       0
                text7                               102      102       80        8       0
                text6                                22       22       E0        8       0
                text5                               3C8      3C8       1D        8       0
                text4                               400      400       19        8       0
                text3                               3E5      3E5       1B        8       0
                text2                               182      182       72        8       0
                text1                               266      266       61        8       0
                maintext                            363      363       3B        8       0
                cstackBANK0                          51       51       1C       20       1
                cstackCOMMON                         70       70        E       70       1
                clrtext                             419      419        8        8       0
                bssBANK1                             A0       A0        8       A0       1
                bssBANK0                             20       20       31       20       1

TOTAL           Name                               Link     Load   Length     Space
        CLASS   STACK          

        CLASS   CODE           
                end_init                             11       11        2         0
                cinit                                13       13        F         0
                intentry                              4        4        D         0
                reset_vec                             0        0        2         0
                text11                              322      322       41         0
                text10                              1F4      1F4       72         0
                text9                               39E      39E       2A         0
                text8                               2C7      2C7       5B         0
                text7                               102      102       80         0
                text6                                22       22       E0         0
                text5                               3C8      3C8       1D         0
                text4                               400      400       19         0
                text3                               3E5      3E5       1B         0
                text2                               182      182       72         0
                text1                               266      266       61         0
                maintext                            363      363       3B         0
                clrtext                             419      419        8         0

        CLASS   STRCODE        

        CLASS   STRING         

        CLASS   CONST          

        CLASS   ENTRY          

        CLASS   COMMON         
                cstackCOMMON                         70       70        E         1

        CLASS   BANK0          
                cstackBANK0                          51       51       1C         1
                bssBANK0                             20       20       31         1

        CLASS   BANK1          
                bssBANK1                             A0       A0        8         1

        CLASS   BANK2          

        CLASS   RAM            

        CLASS   ABS1           
                abs_s1                               7E       7E        2         1

        CLASS   SFR0           

        CLASS   SFR1           

        CLASS   SFR2           

        CLASS   SFR3           

        CLASS   CONFIG         
                config                             2007     2007        2         0

        CLASS   IDLOC          

        CLASS   EEDATA         

        CLASS   BANK3          



SEGMENTS        Name                           Load    Length   Top    Selector   Space  Class     Delta

                reset_vec                      000000  000002  000002         0       0  CODE        2
                intentry                       000004  00041D  000421         8       0  CODE        2
                bssBANK0                       000020  00004D  00006D        20       1  BANK0       1
                cstackCOMMON                   000070  00000E  00007E        70       1  COMMON      1
                bssBANK1                       0000A0  000008  0000A8        A0       1  BANK1       1
                config                         002007  000002  002009      400E       0  CONFIG      2


UNUSED ADDRESS RANGES

        Name                Unused          Largest block    Delta
        BANK0            006D-006F              3           1
        BANK1            00A8-00EF             48           1
        BANK2            0120-016F             50           1
        CODE             0002-0003              2           2
                         0421-0FFF            3DF
        CONST            0002-0003              2           2
                         0421-0FFF            100
        EEDATA           2100-21FF            100           2
        ENTRY            0002-0003              2           2
                         0421-0FFF            100
        IDLOC            2000-2003              4           2
        RAM              006D-006F              3           1
                         00A8-00EF             48
                         0120-016F             50
        SFR0             0000-001F             20           1
        SFR1             0080-009F             20           1
        SFR2             0100-011F             20           1
        SFR3             0180-01EF             70           1
        STACK            0120-016F             50           1
        STRCODE          0002-0003              2           2
                         0421-0FFF            BDF
        STRING           0002-0003              2           2
                         0421-0FFF            100

                                  Symbol Table

?___awdiv                    cstackBANK0  0051
CalcularDistancia@distancias cstackBANK0  0064
CalcularDistancia@t4         cstackBANK0  0068
CalcularDistancia@t5         cstackBANK0  0061
CalcularDistancia@t6         cstackBANK0  0062
CalcularDistancia@t7         cstackBANK0  0063
I2C_Slave_Init@address       cstackBANK0  0051
IntI2C@distancias            cstackCOMMON 0074
IntI2C@i                     cstackCOMMON 0075
IntI2C@z                     cstackCOMMON 0072
IntPortb@rbon                cstackCOMMON 0073
IntPortb@t4                  cstackCOMMON 0075
IntPortb@t5                  cstackCOMMON 0070
IntPortb@t6                  cstackCOMMON 0071
IntPortb@t7                  cstackCOMMON 0072
MediaMedidas@i               cstackBANK0  005F
MediaMedidas@num             cstackBANK0  005E
MediaMedidas@t               cstackBANK0  0060
ShiftArrays@i                cstackBANK0  005B
ShiftArrays@t4               cstackBANK0  005A
ShiftArrays@t5               cstackBANK0  0051
ShiftArrays@t6               cstackBANK0  0052
ShiftArrays@t7               cstackBANK0  0053
_ANSELH                      (abs)        0189
_BF                          (abs)        04A0
_CalcularDistancia           text6        0022
_GIE                         (abs)        005F
_I2C_Slave_Init              text5        03C8
_INTCON                      (abs)        000B
_IOCB                        (abs)        0096
_Inicializaciones            text4        0400
_IntI2C                      text11       0322
_IntPortb                    text10       01F4
_Interrupcion                text9        039E
_MediaMedidas                text7        0102
_OSCCON                      (abs)        008F
_PEIE                        (abs)        005E
_PORTB                       (abs)        0006
_RB0                         (abs)        0030
_RB1                         (abs)        0031
_RB2                         (abs)        0032
_RB3                         (abs)        0033
_RB4                         (abs)        0034
_RB5                         (abs)        0035
_RB6                         (abs)        0036
_RB7                         (abs)        0037
_RBIE                        (abs)        005B
_RBIF                        (abs)        0058
_ResetEcho                   text3        03E5
_SSPADD                      (abs)        0093
_SSPBUF                      (abs)        0013
_SSPCON                      (abs)        0014
_SSPCON2                     (abs)        0091
_SSPCONbits                  (abs)        0014
_SSPIE                       (abs)        0463
_SSPIF                       (abs)        0063
_SSPSTAT                     (abs)        0094
_SSPSTATbits                 (abs)        0094
_ShiftArrays                 text2        0182
_T1CON                       (abs)        0010
_TMR1                        (abs)        000E
_TMR1ON                      (abs)        0080
_TRISB                       (abs)        0086
_TRISC3                      (abs)        043B
_TRISC4                      (abs)        043C
_Trigger                     text1        0266
__CFG_BOR4V$BOR21V           (abs)        0000
__CFG_BOREN$ON               (abs)        0000
__CFG_CP$OFF                 (abs)        0000
__CFG_CPD$OFF                (abs)        0000
__CFG_FCMEN$ON               (abs)        0000
__CFG_FOSC$INTRC_CLKOUT      (abs)        0000
__CFG_IESO$ON                (abs)        0000
__CFG_LVP$OFF                (abs)        0000
__CFG_MCLRE$ON               (abs)        0000
__CFG_PWRTE$OFF              (abs)        0000
__CFG_WDTE$OFF               (abs)        0000
__CFG_WRT$OFF                (abs)        0000
__Habs1                      abs1         0000
__Hbank0                     bank0        0000
__Hbank1                     bank1        0000
__Hbank2                     bank2        0000
__Hbank3                     bank3        0000
__HbssBANK0                  bssBANK0     0000
__HbssBANK1                  bssBANK1     0000
__Hcinit                     cinit        0022
__Hclrtext                   clrtext      0000
__Hcode                      code         0000
__Hcommon                    common       0000
__Hconfig                    config       2009
__HcstackBANK0               cstackBANK0  0000
__HcstackCOMMON              cstackCOMMON 0000
__Heeprom_data               eeprom_data  0000
__Hend_init                  end_init     0013
__Hfunctab                   functab      0000
__Hidloc                     idloc        0000
__Hinit                      init         0011
__Hintentry                  intentry     0011
__Hmaintext                  maintext     0000
__Hpowerup                   powerup      0000
__Hram                       ram          0000
__Hreset_vec                 reset_vec    0002
__Hsfr0                      sfr0         0000
__Hsfr1                      sfr1         0000
__Hsfr2                      sfr2         0000
__Hsfr3                      sfr3         0000
__Hspace_0                   (abs)        2009
__Hspace_1                   (abs)        00A8
__Hspace_2                   (abs)        0000
__Hspace_3                   (abs)        0000
__Hstack                     stack        0000
__Hstrings                   strings      0000
__Htext                      text         0000
__Labs1                      abs1         0000
__Lbank0                     bank0        0000
__Lbank1                     bank1        0000
__Lbank2                     bank2        0000
__Lbank3                     bank3        0000
__LbssBANK0                  bssBANK0     0000
__LbssBANK1                  bssBANK1     0000
__Lcinit                     cinit        0013
__Lclrtext                   clrtext      0000
__Lcode                      code         0000
__Lcommon                    common       0000
__Lconfig                    config       2007
__LcstackBANK0               cstackBANK0  0000
__LcstackCOMMON              cstackCOMMON 0000
__Leeprom_data               eeprom_data  0000
__Lend_init                  end_init     0011
__Lfunctab                   functab      0000
__Lidloc                     idloc        0000
__Linit                      init         0011
__Lintentry                  intentry     0004
__Lmaintext                  maintext     0000
__Lpowerup                   powerup      0000
__Lram                       ram          0000
__Lreset_vec                 reset_vec    0000
__Lsfr0                      sfr0         0000
__Lsfr1                      sfr1         0000
__Lsfr2                      sfr2         0000
__Lsfr3                      sfr3         0000
__Lspace_0                   (abs)        0000
__Lspace_1                   (abs)        0000
__Lspace_2                   (abs)        0000
__Lspace_3                   (abs)        0000
__Lstack                     stack        0000
__Lstrings                   strings      0000
__Ltext                      text         0000
__S0                         (abs)        2009
__S1                         (abs)        00A8
__S2                         (abs)        0000
__S3                         (abs)        0000
___awdiv                     text8        02C7
___awdiv@counter             cstackBANK0  0056
___awdiv@dividend            cstackBANK0  0053
___awdiv@divisor             cstackBANK0  0051
___awdiv@quotient            cstackBANK0  0058
___awdiv@sign                cstackBANK0  0057
___int_sp                    stack        0000
___latbits                   (abs)        0001
___sp                        stack        0000
__end_of_CalcularDistancia   text6        0102
__end_of_I2C_Slave_Init      text5        03E5
__end_of_Inicializaciones    text4        0419
__end_of_IntI2C              text11       0363
__end_of_IntPortb            text10       0266
__end_of_Interrupcion        text9        03C8
__end_of_MediaMedidas        text7        0182
__end_of_ResetEcho           text3        0400
__end_of_ShiftArrays         text2        01F4
__end_of_Trigger             text1        02C7
__end_of___awdiv             text8        0322
__end_of__initialization     cinit        001F
__end_of_main                maintext     039E
__initialization             cinit        0013
__pbssBANK0                  bssBANK0     0020
__pbssBANK1                  bssBANK1     00A0
__pcstackBANK0               cstackBANK0  0051
__pcstackCOMMON              cstackCOMMON 0070
__pintentry                  intentry     0004
__pmaintext                  maintext     0363
__ptext1                     text1        0266
__ptext10                    text10       01F4
__ptext11                    text11       0322
__ptext2                     text2        0182
__ptext3                     text3        03E5
__ptext4                     text4        0400
__ptext5                     text5        03C8
__ptext6                     text6        0022
__ptext7                     text7        0102
__ptext8                     text8        02C7
__ptext9                     text9        039E
__size_of_CalcularDistancia  (abs)        0000
__size_of_I2C_Slave_Init     (abs)        0000
__size_of_Inicializaciones   (abs)        0000
__size_of_IntI2C             (abs)        0000
__size_of_IntPortb           (abs)        0000
__size_of_Interrupcion       (abs)        0000
__size_of_MediaMedidas       (abs)        0000
__size_of_ResetEcho          (abs)        0000
__size_of_ShiftArrays        (abs)        0000
__size_of_Trigger            (abs)        0000
__size_of___awdiv            (abs)        0000
__size_of_main               (abs)        0000
_distancias                  bssBANK1     00A0
_main                        maintext     0363
_rbon                        bssBANK0     0050
_t4                          bssBANK0     0020
_t5                          bssBANK0     002C
_t6                          bssBANK0     0038
_t7                          bssBANK0     0044
btemp                        (abs)        007E
clear_ram0                   clrtext      0419
end_of_initialization        cinit        001F
interrupt_function           intentry     0004
intlevel0                    functab      0000
intlevel1                    functab      0000
intlevel2                    functab      0000
intlevel3                    functab      0000
intlevel4                    functab      0000
intlevel5                    functab      0000
ltemp                        (abs)        007E
ltemp0                       (abs)        007E
ltemp1                       (abs)        0082
ltemp2                       (abs)        0086
ltemp3                       (abs)        0080
reset_vec                    reset_vec    0000
saved_w                      (abs)        007E
stackhi                      (abs)        0000
stacklo                      (abs)        0000
start                        init         0011
start_initialization         cinit        0013
ttemp                        (abs)        007E
ttemp0                       (abs)        007E
ttemp1                       (abs)        0081
ttemp2                       (abs)        0084
ttemp3                       (abs)        0087
ttemp4                       (abs)        007F
wtemp                        (abs)        007E
wtemp0                       (abs)        007E
wtemp1                       (abs)        0080
wtemp2                       (abs)        0082
wtemp3                       (abs)        0084
wtemp4                       (abs)        0086
wtemp5                       (abs)        0088
wtemp6                       (abs)        007F


FUNCTION INFORMATION:

 *************** function _main *****************
 Defined at:
		line 37 in file "main.c"
 Parameters:    Size  Location     Type
		None
 Auto vars:     Size  Location     Type
		None
 Return value:  Size  Location     Type
                  1    wreg      void 
 Registers used:
		wreg, fsr0l, fsr0h, status,2, status,0, btemp+1, pclath, cstack
 Tracked objects:
		On entry : 
		On exit  : 
		Unchanged: 
 Data sizes:     COMMON   BANK0   BANK1   BANK2
      Params:         0       0       0       0
      Locals:         0       0       0       0
      Temps:          0       4       0       0
      Totals:         0       4       0       0
Total ram usage:        4 bytes
 Hardware stack levels required when called:    5
 This function calls:
		_CalcularDistancia
		_I2C_Slave_Init
		_Inicializaciones
		_ResetEcho
		_ShiftArrays
		_Trigger
 This function is called by:
		Startup code after reset
 This function uses a non-reentrant model


 *************** function _Trigger *****************
 Defined at:
		line 30 in file "Funciones.c"
 Parameters:    Size  Location     Type
		None
 Auto vars:     Size  Location     Type
		None
 Return value:  Size  Location     Type
                  1    wreg      void 
 Registers used:
		wreg
 Tracked objects:
		On entry : 
		On exit  : 
		Unchanged: 
 Data sizes:     COMMON   BANK0   BANK1   BANK2
      Params:         0       0       0       0
      Locals:         0       0       0       0
      Temps:          0       2       0       0
      Totals:         0       2       0       0
Total ram usage:        2 bytes
 Hardware stack levels used:    1
 Hardware stack levels required when called:    2
 This function calls:
		Nothing
 This function is called by:
		_main
 This function uses a non-reentrant model


 *************** function _ShiftArrays *****************
 Defined at:
		line 126 in file "Funciones.c"
 Parameters:    Size  Location     Type
  t4              1    wreg     PTR int 
		 -> t4(12), 
  t5              1    0[BANK0 ] PTR int 
		 -> t5(12), 
  t6              1    1[BANK0 ] PTR int 
		 -> t6(12), 
  t7              1    2[BANK0 ] PTR int 
		 -> t7(12), 
 Auto vars:     Size  Location     Type
  t4              1    9[BANK0 ] PTR int 
		 -> t4(12), 
  i               1   10[BANK0 ] unsigned char 
 Return value:  Size  Location     Type
                  1    wreg      void 
 Registers used:
		wreg, fsr0l, fsr0h, status,2, status,0
 Tracked objects:
		On entry : 
		On exit  : 
		Unchanged: 
 Data sizes:     COMMON   BANK0   BANK1   BANK2
      Params:         0       3       0       0
      Locals:         0       2       0       0
      Temps:          0       6       0       0
      Totals:         0      11       0       0
Total ram usage:       11 bytes
 Hardware stack levels used:    1
 Hardware stack levels required when called:    2
 This function calls:
		Nothing
 This function is called by:
		_main
 This function uses a non-reentrant model


 *************** function _ResetEcho *****************
 Defined at:
		line 136 in file "Funciones.c"
 Parameters:    Size  Location     Type
		None
 Auto vars:     Size  Location     Type
		None
 Return value:  Size  Location     Type
                  1    wreg      void 
 Registers used:
		wreg, status,2
 Tracked objects:
		On entry : 
		On exit  : 
		Unchanged: 
 Data sizes:     COMMON   BANK0   BANK1   BANK2
      Params:         0       0       0       0
      Locals:         0       0       0       0
      Temps:          0       2       0       0
      Totals:         0       2       0       0
Total ram usage:        2 bytes
 Hardware stack levels used:    1
 Hardware stack levels required when called:    2
 This function calls:
		Nothing
 This function is called by:
		_main
 This function uses a non-reentrant model


 *************** function _Inicializaciones *****************
 Defined at:
		line 6 in file "Funciones.c"
 Parameters:    Size  Location     Type
		None
 Auto vars:     Size  Location     Type
		None
 Return value:  Size  Location     Type
                  1    wreg      void 
 Registers used:
		wreg, status,2
 Tracked objects:
		On entry : 
		On exit  : 
		Unchanged: 
 Data sizes:     COMMON   BANK0   BANK1   BANK2
      Params:         0       0       0       0
      Locals:         0       0       0       0
      Temps:          0       0       0       0
      Totals:         0       0       0       0
Total ram usage:        0 bytes
 Hardware stack levels used:    1
 Hardware stack levels required when called:    2
 This function calls:
		Nothing
 This function is called by:
		_main
 This function uses a non-reentrant model


 *************** function _I2C_Slave_Init *****************
 Defined at:
		line 144 in file "Funciones.c"
 Parameters:    Size  Location     Type
  address         2    0[BANK0 ] short 
 Auto vars:     Size  Location     Type
		None
 Return value:  Size  Location     Type
                  1    wreg      void 
 Registers used:
		wreg
 Tracked objects:
		On entry : 
		On exit  : 
		Unchanged: 
 Data sizes:     COMMON   BANK0   BANK1   BANK2
      Params:         0       2       0       0
      Locals:         0       0       0       0
      Temps:          0       0       0       0
      Totals:         0       2       0       0
Total ram usage:        2 bytes
 Hardware stack levels used:    1
 Hardware stack levels required when called:    2
 This function calls:
		Nothing
 This function is called by:
		_main
 This function uses a non-reentrant model


 *************** function _CalcularDistancia *****************
 Defined at:
		line 60 in file "Funciones.c"
 Parameters:    Size  Location     Type
  t4              1    wreg     PTR int 
		 -> t4(12), 
  t5              1   16[BANK0 ] PTR int 
		 -> t5(12), 
  t6              1   17[BANK0 ] PTR int 
		 -> t6(12), 
  t7              1   18[BANK0 ] PTR int 
		 -> t7(12), 
  distancias      1   19[BANK0 ] PTR unsigned char 
		 -> distancias(8), 
 Auto vars:     Size  Location     Type
  t4              1   23[BANK0 ] PTR int 
		 -> t4(12), 
 Return value:  Size  Location     Type
                  1    wreg      void 
 Registers used:
		wreg, fsr0l, fsr0h, status,2, status,0, btemp+1, pclath, cstack
 Tracked objects:
		On entry : 
		On exit  : 
		Unchanged: 
 Data sizes:     COMMON   BANK0   BANK1   BANK2
      Params:         0       4       0       0
      Locals:         0       1       0       0
      Temps:          0       3       0       0
      Totals:         0       8       0       0
Total ram usage:        8 bytes
 Hardware stack levels used:    1
 Hardware stack levels required when called:    4
 This function calls:
		_MediaMedidas
		___awdiv
 This function is called by:
		_main
 This function uses a non-reentrant model


 *************** function _MediaMedidas *****************
 Defined at:
		line 87 in file "Funciones.c"
 Parameters:    Size  Location     Type
  t               1    wreg     PTR int 
		 -> t7(12), t6(12), t5(12), t4(12), 
 Auto vars:     Size  Location     Type
  t               1   15[BANK0 ] PTR int 
		 -> t7(12), t6(12), t5(12), t4(12), 
  i               1   14[BANK0 ] unsigned char 
  num             1   13[BANK0 ] unsigned char 
 Return value:  Size  Location     Type
                  1    wreg      void 
 Registers used:
		wreg, fsr0l, fsr0h, status,2, status,0, btemp+1, pclath, cstack
 Tracked objects:
		On entry : 
		On exit  : 
		Unchanged: 
 Data sizes:     COMMON   BANK0   BANK1   BANK2
      Params:         0       0       0       0
      Locals:         0       3       0       0
      Temps:          0       4       0       0
      Totals:         0       7       0       0
Total ram usage:        7 bytes
 Hardware stack levels used:    1
 Hardware stack levels required when called:    3
 This function calls:
		___awdiv
 This function is called by:
		_CalcularDistancia
 This function uses a non-reentrant model


 *************** function ___awdiv *****************
 Defined at:
		line 6 in file "C:\Program Files (x86)\Microchip\xc8\v1.37\sources\common\awdiv.c"
 Parameters:    Size  Location     Type
  divisor         2    0[BANK0 ] int 
  dividend        2    2[BANK0 ] int 
 Auto vars:     Size  Location     Type
  quotient        2    7[BANK0 ] int 
  sign            1    6[BANK0 ] unsigned char 
  counter         1    5[BANK0 ] unsigned char 
 Return value:  Size  Location     Type
                  2    0[BANK0 ] int 
 Registers used:
		wreg, status,2, status,0
 Tracked objects:
		On entry : 
		On exit  : 
		Unchanged: 
 Data sizes:     COMMON   BANK0   BANK1   BANK2
      Params:         0       4       0       0
      Locals:         0       4       0       0
      Temps:          0       1       0       0
      Totals:         0       9       0       0
Total ram usage:        9 bytes
 Hardware stack levels used:    1
 Hardware stack levels required when called:    2
 This function calls:
		Nothing
 This function is called by:
		_CalcularDistancia
		_MediaMedidas
 This function uses a non-reentrant model


 *************** function _Interrupcion *****************
 Defined at:
		line 64 in file "main.c"
 Parameters:    Size  Location     Type
		None
 Auto vars:     Size  Location     Type
		None
 Return value:  Size  Location     Type
                  1    wreg      void 
 Registers used:
		wreg, fsr0l, fsr0h, status,2, status,0, pclath, cstack
 Tracked objects:
		On entry : 
		On exit  : 
		Unchanged: 
 Data sizes:     COMMON   BANK0   BANK1   BANK2
      Params:         0       0       0       0
      Locals:         0       0       0       0
      Temps:          8       0       0       0
      Totals:         8       0       0       0
Total ram usage:        8 bytes
 Hardware stack levels used:    1
 Hardware stack levels required when called:    1
 This function calls:
		_IntI2C
		_IntPortb
 This function is called by:
		Interrupt level 1
 This function uses a non-reentrant model


 *************** function _IntPortb *****************
 Defined at:
		line 158 in file "Funciones.c"
 Parameters:    Size  Location     Type
  t4              1    wreg     PTR int 
		 -> t4(12), 
  t5              1    0[COMMON] PTR int 
		 -> t5(12), 
  t6              1    1[COMMON] PTR int 
		 -> t6(12), 
  t7              1    2[COMMON] PTR int 
		 -> t7(12), 
  rbon            1    3[COMMON] PTR unsigned char 
		 -> rbon(1), 
 Auto vars:     Size  Location     Type
  t4              1    5[COMMON] PTR int 
		 -> t4(12), 
 Return value:  Size  Location     Type
                  1    wreg      void 
 Registers used:
		wreg, fsr0l, fsr0h, status,2, status,0
 Tracked objects:
		On entry : 
		On exit  : 
		Unchanged: 
 Data sizes:     COMMON   BANK0   BANK1   BANK2
      Params:         4       0       0       0
      Locals:         1       0       0       0
      Temps:          1       0       0       0
      Totals:         6       0       0       0
Total ram usage:        6 bytes
 Hardware stack levels used:    1
 This function calls:
		Nothing
 This function is called by:
		_Interrupcion
 This function uses a non-reentrant model


 *************** function _IntI2C *****************
 Defined at:
		line 225 in file "Funciones.c"
 Parameters:    Size  Location     Type
  distancias      1    wreg     PTR unsigned char 
		 -> distancias(8), 
 Auto vars:     Size  Location     Type
  distancias      1    4[COMMON] PTR unsigned char 
		 -> distancias(8), 
  z               2    2[COMMON] short 
  i               1    5[COMMON] unsigned char 
 Return value:  Size  Location     Type
                  1    wreg      void 
 Registers used:
		wreg, fsr0l, fsr0h, status,2, status,0
 Tracked objects:
		On entry : 
		On exit  : 
		Unchanged: 
 Data sizes:     COMMON   BANK0   BANK1   BANK2
      Params:         0       0       0       0
      Locals:         4       0       0       0
      Temps:          2       0       0       0
      Totals:         6       0       0       0
Total ram usage:        6 bytes
 Hardware stack levels used:    1
 This function calls:
		Nothing
 This function is called by:
		_Interrupcion
 This function uses a non-reentrant model



MODULE INFORMATION

Module		Function		Class		Link	Load	Size
C:\Program Files (x86)\Microchip\xc8\v1.37\sources\common\awdiv.c
		___awdiv       		CODE           	02C7	0000	92

C:\Program Files (x86)\Microchip\xc8\v1.37\sources\common\awdiv.c estimated size: 92

Funciones.c
		_MediaMedidas  		CODE           	0102	0000	129
		_IntI2C        		CODE           	0322	0000	66
		_Inicializaciones		CODE           	0400	0000	26
		_CalcularDistancia		CODE           	0022	0000	225
		_IntPortb      		CODE           	01F4	0000	115
		_ShiftArrays   		CODE           	0182	0000	115
		_I2C_Slave_Init		CODE           	03C8	0000	30
		_ResetEcho     		CODE           	03E5	0000	28
		_Trigger       		CODE           	0266	0000	98

Funciones.c estimated size: 832

shared
		__initialization		CODE           	0013	0000	13

shared estimated size: 13

main.c
		_Interrupcion  		CODE           	039E	0000	43
		_main          		CODE           	0363	0000	60

main.c estimated size: 103

