Microchip MPLAB XC8 Compiler V1.36 ()

Linker command line:

-W-3 --edf=C:\Program Files (x86)\Microchip\xc8\v1.36\dat\en_msgs.txt -cs \
  -h+dist/default/production\Ultrasonido.X.production.sym \
  --cmf=dist/default/production\Ultrasonido.X.production.cmf -z -Q16F883 \
  -oC:\Users\Fu\AppData\Local\Temp\s2to.2 \
  -Mdist/default/production/Ultrasonido.X.production.map -E1 -ver=XC8 \
  -ASTACK=0A0h-0efh -pstack=STACK -ACODE=00h-07FFhx2 -ASTRCODE=00h-0FFFh \
  -ASTRING=00h-0FFhx16 -ACONST=00h-0FFhx16 -AENTRY=00h-0FFhx16 \
  -ACOMMON=070h-07Fh -ABANK0=020h-06Fh -ABANK1=0A0h-0EFh \
  -ABANK2=0120h-016Fh -ARAM=020h-06Fh,0A0h-0EFh,0120h-016Fh \
  -AABS1=020h-07Fh,0A0h-0EFh,0120h-016Fh -ASFR0=00h-01Fh -ASFR1=080h-09Fh \
  -ASFR2=0100h-011Fh -ASFR3=0180h-01EFh \
  -preset_vec=00h,intentry=04h,init,end_init -ppowerup=CODE -pcinit=CODE \
  -pfunctab=CODE -ACONFIG=02007h-02008h -pconfig=CONFIG -DCONFIG=2 \
  -AIDLOC=02000h-02003h -pidloc=IDLOC -DIDLOC=2 -AEEDATA=00h-0FFh/02100h \
  -peeprom_data=EEDATA -DEEDATA=2 -DCODE=2 -DSTRCODE=2 -DSTRING=2 -DCONST=2 \
  -DENTRY=2 -k C:\Users\Fu\AppData\Local\Temp\s2to.obj \
  dist/default/production\Ultrasonido.X.production.obj 

Object code version is 3.11

Machine type is 16F883



                Name                               Link     Load   Length Selector   Space Scale
C:\Users\Fu\AppData\Local\Temp\s2to.obj
                end_init                             11       11        2        8       0
                reset_vec                             0        0        2        0       0
                config                             2007     2007        2     400E       0
dist/default/production\Ultrasonido.X.production.obj
                cinit                                13       13        D        8       0
                intentry                              4        4        D        8       0
                text17                              2DF      2DF       3C        8       0
                text16                              3DD      3DD       28      762       0
                text15                              3B1      3B1       2C      762       0
                text14                              48D      48D        C      762       0
                text13                              1B7      1B7       58        8       0
                text12                              25F      25F       42        8       0
                text11                              49B      49B        1      762       0
                text10                              31B      31B       35        8       0
                text9                               46A      46A       13      762       0
                text8                               449      449       21      762       0
                text7                               405      405       23      762       0
                text6                                20       20       D1        8       0
                text5                               47D      47D       10      762       0
                text4                               428      428       21      762       0
                text3                               2A1      2A1       3E        8       0
                text2                               350      350       34        8       0
                text1                                F1       F1       C6        8       0
                maintext                            20F      20F       50        8       0
                cstackBANK0                          20       20       27       20       1
                cstackCOMMON                         70       70        C       70       1
                dataBANK0                            4A       4A        2       20       1
                bssBANK0                             47       47        3       20       1
                nvBANK0                              4C       4C        1       20       1
                strings                             384      384       2D      708       0
                idataBANK0                          499      499        2      762       0

TOTAL           Name                               Link     Load   Length     Space
        CLASS   STACK          

        CLASS   CODE           
                end_init                             11       11        2         0
                cinit                                13       13        D         0
                intentry                              4        4        D         0
                reset_vec                             0        0        2         0
                text17                              2DF      2DF       3C         0
                text16                              3DD      3DD       28         0
                text15                              3B1      3B1       2C         0
                text14                              48D      48D        C         0
                text13                              1B7      1B7       58         0
                text12                              25F      25F       42         0
                text11                              49B      49B        1         0
                text10                              31B      31B       35         0
                text9                               46A      46A       13         0
                text8                               449      449       21         0
                text7                               405      405       23         0
                text6                                20       20       D1         0
                text5                               47D      47D       10         0
                text4                               428      428       21         0
                text3                               2A1      2A1       3E         0
                text2                               350      350       34         0
                text1                                F1       F1       C6         0
                maintext                            20F      20F       50         0
                idataBANK0                          499      499        2         0

        CLASS   STRCODE        

        CLASS   STRING         
                strings                             384      384       2D         0

        CLASS   CONST          

        CLASS   ENTRY          

        CLASS   COMMON         
                cstackCOMMON                         70       70        C         1

        CLASS   BANK0          
                cstackBANK0                          20       20       27         1
                dataBANK0                            4A       4A        2         1
                bssBANK0                             47       47        3         1
                nvBANK0                              4C       4C        1         1

        CLASS   BANK1          

        CLASS   BANK2          

        CLASS   RAM            

        CLASS   ABS1           
                abs_s1                               7E       7E        2         1

        CLASS   SFR0           

        CLASS   SFR1           

        CLASS   SFR2           

        CLASS   SFR3           

        CLASS   CONFIG         
                config                             2007     2007        2         0

        CLASS   IDLOC          

        CLASS   EEDATA         

        CLASS   BANK3          



SEGMENTS        Name                           Load    Length   Top    Selector   Space  Class     Delta

                reset_vec                      000000  000002  000002         0       0  CODE        2
                intentry                       000004  000380  000384         8       0  CODE        2
                cstackBANK0                    000020  00002D  00004D        20       1  BANK0       1
                cstackCOMMON                   000070  00000C  00007C        70       1  COMMON      1
                strings                        000384  00002D  0003B1       708       0  STRING      2
                text15                         0003B1  0000EB  00049C       762       0  CODE        2
                config                         002007  000002  002009      400E       0  CONFIG      2


UNUSED ADDRESS RANGES

        Name                Unused          Largest block    Delta
        BANK0            004D-006F             23           1
        BANK1            00A0-00EF             50           1
        BANK2            0120-016F             50           1
        CODE             0002-0003              2           2
                         049C-0FFF            364
        COMMON           007C-007D              2           1
        CONST            0002-0003              2           2
                         049C-0FFF            100
        EEDATA           2100-21FF            100           2
        ENTRY            0002-0003              2           2
                         049C-0FFF            100
        IDLOC            2000-2003              4           2
        RAM              004D-006F             23           1
                         00A0-00EF             50
                         0120-016F             50
        SFR0             0000-001F             20           1
        SFR1             0080-009F             20           1
        SFR2             0100-011F             20           1
        SFR3             0180-01EF             70           1
        STACK            00A0-00EF             50           1
        STRCODE          0002-0003              2           2
                         049C-0FFF            B64
        STRING           0002-0003              2           2
                         049C-0FFF            100

                                  Symbol Table

?___lwdiv                  cstackBANK0  0020
?___lwmod                  cstackBANK0  0028
?_sprintf                  cstackBANK0  002E
?i1___lwdiv                cstackCOMMON 0070
_ANSEL                     (abs)        0188
_ANSELH                    (abs)        0189
_GIE                       (abs)        005F
_INTCON                    (abs)        000B
_IOCB                      (abs)        0096
_Inicializaciones          text15       03B1
_OSCCON                    (abs)        008F
_PIE1                      (abs)        008C
_PIR1                      (abs)        000C
_PORTA                     (abs)        0005
_PORTB                     (abs)        0006
_PORTC                     (abs)        0007
_RB0                       (abs)        0030
_RB4                       (abs)        0034
_RBIE                      (abs)        005B
_RBIF                      (abs)        0058
_RC2                       (abs)        003A
_RC3                       (abs)        003B
_RC4                       (abs)        003C
_RC5                       (abs)        003D
_RC6                       (abs)        003E
_RC7                       (abs)        003F
_T1CON                     (abs)        0010
_TMR1                      (abs)        000E
_TMR1ON                    (abs)        0080
_TRISA                     (abs)        0085
_TRISB                     (abs)        0086
_TRISC                     (abs)        0087
_TRISC2                    (abs)        043A
_TRISC3                    (abs)        043B
_TRISC4                    (abs)        043C
_TRISC5                    (abs)        043D
_TRISC6                    (abs)        043E
_TRISC7                    (abs)        043F
_Trigger                   text14       048D
__CFG_BOR4V$BOR21V         (abs)        0000
__CFG_BOREN$ON             (abs)        0000
__CFG_CP$OFF               (abs)        0000
__CFG_CPD$OFF              (abs)        0000
__CFG_FCMEN$ON             (abs)        0000
__CFG_FOSC$INTRC_CLKOUT    (abs)        0000
__CFG_IESO$ON              (abs)        0000
__CFG_LVP$OFF              (abs)        0000
__CFG_MCLRE$ON             (abs)        0000
__CFG_PWRTE$OFF            (abs)        0000
__CFG_WDTE$OFF             (abs)        0000
__CFG_WRT$OFF              (abs)        0000
__Habs1                    abs1         0000
__Hbank0                   bank0        0000
__Hbank1                   bank1        0000
__Hbank2                   bank2        0000
__Hbank3                   bank3        0000
__HbssBANK0                bssBANK0     0000
__Hcinit                   cinit        0020
__Hclrtext                 clrtext      0000
__Hcode                    code         0000
__Hcommon                  common       0000
__Hconfig                  config       2009
__HcstackBANK0             cstackBANK0  0000
__HcstackCOMMON            cstackCOMMON 0000
__HdataBANK0               dataBANK0    0000
__Heeprom_data             eeprom_data  0000
__Hend_init                end_init     0013
__Hfunctab                 functab      0000
__HidataBANK0              idataBANK0   0000
__Hidloc                   idloc        0000
__Hinit                    init         0011
__Hintentry                intentry     0011
__Hmaintext                maintext     0000
__HnvBANK0                 nvBANK0      0000
__Hpowerup                 powerup      0000
__Hram                     ram          0000
__Hreset_vec               reset_vec    0002
__Hsfr0                    sfr0         0000
__Hsfr1                    sfr1         0000
__Hsfr2                    sfr2         0000
__Hsfr3                    sfr3         0000
__Hspace_0                 (abs)        2009
__Hspace_1                 (abs)        007C
__Hspace_2                 (abs)        0000
__Hspace_3                 (abs)        0000
__Hstack                   stack        0000
__Hstrings                 strings      0000
__Htext                    text         0000
__Labs1                    abs1         0000
__Lbank0                   bank0        0000
__Lbank1                   bank1        0000
__Lbank2                   bank2        0000
__Lbank3                   bank3        0000
__LbssBANK0                bssBANK0     0000
__Lcinit                   cinit        0013
__Lclrtext                 clrtext      0000
__Lcode                    code         0000
__Lcommon                  common       0000
__Lconfig                  config       2007
__LcstackBANK0             cstackBANK0  0000
__LcstackCOMMON            cstackCOMMON 0000
__LdataBANK0               dataBANK0    0000
__Leeprom_data             eeprom_data  0000
__Lend_init                end_init     0011
__Lfunctab                 functab      0000
__LidataBANK0              idataBANK0   0000
__Lidloc                   idloc        0000
__Linit                    init         0011
__Lintentry                intentry     0004
__Lmaintext                maintext     0000
__LnvBANK0                 nvBANK0      0000
__Lpowerup                 powerup      0000
__Lram                     ram          0000
__Lreset_vec               reset_vec    0000
__Lsfr0                    sfr0         0000
__Lsfr1                    sfr1         0000
__Lsfr2                    sfr2         0000
__Lsfr3                    sfr3         0000
__Lspace_0                 (abs)        0000
__Lspace_1                 (abs)        0000
__Lspace_2                 (abs)        0000
__Lspace_3                 (abs)        0000
__Lstack                   stack        0000
__Lstrings                 strings      0000
__Ltext                    text         0000
__S0                       (abs)        2009
__S1                       (abs)        007C
__S2                       (abs)        0000
__S3                       (abs)        0000
___int_sp                  stack        0000
___latbits                 (abs)        0001
___lwdiv                   text3        02A1
___lwdiv@counter           cstackBANK0  0027
___lwdiv@dividend          cstackBANK0  0022
___lwdiv@divisor           cstackBANK0  0020
___lwdiv@quotient          cstackBANK0  0025
___lwmod                   text2        0350
___lwmod@counter           cstackBANK0  002D
___lwmod@dividend          cstackBANK0  002A
___lwmod@divisor           cstackBANK0  0028
___sp                      stack        0000
__end_of_Inicializaciones  text15       03DD
__end_of_Trigger           text14       0499
__end_of___lwdiv           text3        02DF
__end_of___lwmod           text2        0384
__end_of__initialization   cinit        001D
__end_of__stringtab        strings      0394
__end_of_dpowers           strings      039E
__end_of_echo              text16       0405
__end_of_lcd_clear         text9        047D
__end_of_lcd_goto          text8        046A
__end_of_lcd_init          text6        00F1
__end_of_lcd_ioinit        text7        0428
__end_of_lcd_ioset         text13       020F
__end_of_lcd_iowrite4      text12       02A1
__end_of_lcd_iowrite8      text11       049C
__end_of_lcd_on            text5        048D
__end_of_lcd_puts          text4        0449
__end_of_lcd_send          text10       0350
__end_of_main              maintext     025F
__end_of_rowaddr           strings      03A2
__end_of_sprintf           text1        01B7
__end_ofi1___lwdiv         text17       031B
__initialization           cinit        0013
__pbssBANK0                bssBANK0     0047
__pcstackBANK0             cstackBANK0  0020
__pcstackCOMMON            cstackCOMMON 0070
__pdataBANK0               dataBANK0    004A
__pidataBANK0              idataBANK0   0499
__pintentry                intentry     0004
__pmaintext                maintext     020F
__pnvBANK0                 nvBANK0      004C
__pstrings                 strings      0384
__ptext1                   text1        00F1
__ptext10                  text10       031B
__ptext11                  text11       049B
__ptext12                  text12       025F
__ptext13                  text13       01B7
__ptext14                  text14       048D
__ptext15                  text15       03B1
__ptext16                  text16       03DD
__ptext17                  text17       02DF
__ptext2                   text2        0350
__ptext3                   text3        02A1
__ptext4                   text4        0428
__ptext5                   text5        047D
__ptext6                   text6        0020
__ptext7                   text7        0405
__ptext8                   text8        0449
__ptext9                   text9        046A
__size_of_Inicializaciones (abs)        0000
__size_of_Trigger          (abs)        0000
__size_of___lwdiv          (abs)        0000
__size_of___lwmod          (abs)        0000
__size_of_echo             (abs)        0000
__size_of_lcd_clear        (abs)        0000
__size_of_lcd_goto         (abs)        0000
__size_of_lcd_init         (abs)        0000
__size_of_lcd_ioinit       (abs)        0000
__size_of_lcd_ioset        (abs)        0000
__size_of_lcd_iowrite4     (abs)        0000
__size_of_lcd_iowrite8     (abs)        0000
__size_of_lcd_on           (abs)        0000
__size_of_lcd_puts         (abs)        0000
__size_of_lcd_send         (abs)        0000
__size_of_main             (abs)        0000
__size_of_sprintf          (abs)        0000
__size_ofi1___lwdiv        (abs)        0000
__stringbase               strings      0393
__stringtab                strings      0384
_dispctrl                  bssBANK0     0049
_dist                      bssBANK0     0047
_dpowers                   strings      0394
_echo                      text16       03DD
_iomode                    nvBANK0      004C
_lcd_clear                 text9        046A
_lcd_goto                  text8        0449
_lcd_init                  text6        0020
_lcd_ioinit                text7        0405
_lcd_ioset                 text13       01B7
_lcd_iowrite4              text12       025F
_lcd_iowrite8              text11       049B
_lcd_on                    text5        047D
_lcd_puts                  text4        0428
_lcd_send                  text10       031B
_lcdcolumns                dataBANK0    004A
_lcdrows                   dataBANK0    004B
_main                      maintext     020F
_rowaddr                   strings      039E
_sprintf                   text1        00F1
btemp                      (abs)        007E
end_of_initialization      cinit        001D
i1___lwdiv                 text17       02DF
i1___lwdiv@counter         cstackCOMMON 0077
i1___lwdiv@dividend        cstackCOMMON 0072
i1___lwdiv@divisor         cstackCOMMON 0070
i1___lwdiv@quotient        cstackCOMMON 0075
interrupt_function         intentry     0004
intlevel0                  functab      0000
intlevel1                  functab      0000
intlevel2                  functab      0000
intlevel3                  functab      0000
intlevel4                  functab      0000
intlevel5                  functab      0000
lcd_goto@col               cstackBANK0  002B
lcd_goto@row               cstackBANK0  0029
lcd_init@cols              cstackBANK0  0029
lcd_init@iodata            cstackBANK0  002E
lcd_init@rows              cstackBANK0  002A
lcd_ioinit@i               cstackBANK0  0024
lcd_ioinit@iodata          cstackBANK0  0023
lcd_ioset@out              cstackBANK0  0020
lcd_ioset@pin              cstackBANK0  0021
lcd_iowrite4@data          cstackBANK0  0024
lcd_iowrite4@i             cstackBANK0  0025
lcd_puts@string            cstackBANK0  0029
lcd_send@data              cstackBANK0  0028
lcd_send@rs                cstackBANK0  0026
ltemp                      (abs)        007E
ltemp0                     (abs)        007E
ltemp1                     (abs)        0082
ltemp2                     (abs)        0086
ltemp3                     (abs)        0080
main@distancia             cstackBANK0  003D
reset_vec                  reset_vec    0000
saved_w                    (abs)        007E
sprintf@ap                 cstackBANK0  0034
sprintf@c                  cstackBANK0  003A
sprintf@f                  cstackBANK0  002E
sprintf@flag               cstackBANK0  0035
sprintf@prec               cstackBANK0  0036
sprintf@sp                 cstackBANK0  0039
sprintf@val                cstackBANK0  0037
stackhi                    (abs)        0000
stacklo                    (abs)        0000
start                      init         0011
start_initialization       cinit        0013
ttemp                      (abs)        007E
ttemp0                     (abs)        007E
ttemp1                     (abs)        0081
ttemp2                     (abs)        0084
ttemp3                     (abs)        0087
ttemp4                     (abs)        007F
wtemp                      (abs)        007E
wtemp0                     (abs)        007E
wtemp1                     (abs)        0080
wtemp2                     (abs)        0082
wtemp3                     (abs)        0084
wtemp4                     (abs)        0086
wtemp5                     (abs)        0088
wtemp6                     (abs)        007F


FUNCTION INFORMATION:

 *************** function _main *****************
 Defined at:
		line 40 in file "main.c"
 Parameters:    Size  Location     Type
		None
 Auto vars:     Size  Location     Type
  distancia      10   29[BANK0 ] unsigned char [10]
 Return value:  Size  Location     Type
                  1    wreg      void 
 Registers used:
		wreg, fsr0l, fsr0h, status,2, status,0, btemp+1, pclath, cstack
 Tracked objects:
		On entry : 
		On exit  : 
		Unchanged: 
 Data sizes:     COMMON   BANK0   BANK1   BANK2
      Params:         0       0       0       0
      Locals:         0      10       0       0
      Temps:          0       2       0       0
      Totals:         0      12       0       0
Total ram usage:       12 bytes
 Hardware stack levels required when called:    6
 This function calls:
		_Inicializaciones
		_Trigger
		_lcd_clear
		_lcd_goto
		_lcd_init
		_lcd_on
		_lcd_puts
		_sprintf
 This function is called by:
		Startup code after reset
 This function uses a non-reentrant model


 *************** function _sprintf *****************
 Defined at:
		line 492 in file "C:\Program Files (x86)\Microchip\xc8\v1.36\sources\common\doprnt.c"
 Parameters:    Size  Location     Type
  sp              1    wreg     PTR unsigned char 
		 -> main@distancia(10), 
  f               1   14[BANK0 ] PTR const unsigned char 
		 -> STR_2(3), 
 Auto vars:     Size  Location     Type
  sp              1   25[BANK0 ] PTR unsigned char 
		 -> main@distancia(10), 
  tmpval          4    0        struct .
  val             2   23[BANK0 ] unsigned int 
  cp              2    0        PTR const unsigned char 
  len             2    0        unsigned int 
  c               1   26[BANK0 ] char 
  prec            1   22[BANK0 ] char 
  flag            1   21[BANK0 ] unsigned char 
  ap              1   20[BANK0 ] PTR void [1]
		 -> ?_sprintf(2), 
 Return value:  Size  Location     Type
                  2   14[BANK0 ] int 
 Registers used:
		wreg, fsr0l, fsr0h, status,2, status,0, btemp+1, pclath, cstack
 Tracked objects:
		On entry : 
		On exit  : 
		Unchanged: 
 Data sizes:     COMMON   BANK0   BANK1   BANK2
      Params:         0       3       0       0
      Locals:         0       7       0       0
      Temps:          0       3       0       0
      Totals:         0      13       0       0
Total ram usage:       13 bytes
 Hardware stack levels used:    1
 Hardware stack levels required when called:    3
 This function calls:
		___lwdiv
		___lwmod
 This function is called by:
		_main
 This function uses a non-reentrant model


 *************** function ___lwmod *****************
 Defined at:
		line 6 in file "C:\Program Files (x86)\Microchip\xc8\v1.36\sources\common\lwmod.c"
 Parameters:    Size  Location     Type
  divisor         2    8[BANK0 ] unsigned int 
  dividend        2   10[BANK0 ] unsigned int 
 Auto vars:     Size  Location     Type
  counter         1   13[BANK0 ] unsigned char 
 Return value:  Size  Location     Type
                  2    8[BANK0 ] unsigned int 
 Registers used:
		wreg, status,2, status,0
 Tracked objects:
		On entry : 
		On exit  : 
		Unchanged: 
 Data sizes:     COMMON   BANK0   BANK1   BANK2
      Params:         0       4       0       0
      Locals:         0       1       0       0
      Temps:          0       1       0       0
      Totals:         0       6       0       0
Total ram usage:        6 bytes
 Hardware stack levels used:    1
 Hardware stack levels required when called:    2
 This function calls:
		Nothing
 This function is called by:
		_sprintf
 This function uses a non-reentrant model


 *************** function ___lwdiv *****************
 Defined at:
		line 6 in file "C:\Program Files (x86)\Microchip\xc8\v1.36\sources\common\lwdiv.c"
 Parameters:    Size  Location     Type
  divisor         2    0[BANK0 ] unsigned int 
  dividend        2    2[BANK0 ] unsigned int 
 Auto vars:     Size  Location     Type
  quotient        2    5[BANK0 ] unsigned int 
  counter         1    7[BANK0 ] unsigned char 
 Return value:  Size  Location     Type
                  2    0[BANK0 ] unsigned int 
 Registers used:
		wreg, status,2, status,0
 Tracked objects:
		On entry : 
		On exit  : 
		Unchanged: 
 Data sizes:     COMMON   BANK0   BANK1   BANK2
      Params:         0       4       0       0
      Locals:         0       3       0       0
      Temps:          0       1       0       0
      Totals:         0       8       0       0
Total ram usage:        8 bytes
 Hardware stack levels used:    1
 Hardware stack levels required when called:    2
 This function calls:
		Nothing
 This function is called by:
		_sprintf
 This function uses a non-reentrant model


 *************** function _lcd_puts *****************
 Defined at:
		line 178 in file "LCD.c"
 Parameters:    Size  Location     Type
  string          2    9[BANK0 ] PTR const unsigned char 
		 -> main@distancia(10), STR_1(12), 
 Auto vars:     Size  Location     Type
		None
 Return value:  Size  Location     Type
                  1    wreg      void 
 Registers used:
		wreg, fsr0l, fsr0h, status,2, status,0, btemp+1, pclath, cstack
 Tracked objects:
		On entry : 
		On exit  : 
		Unchanged: 
 Data sizes:     COMMON   BANK0   BANK1   BANK2
      Params:         0       2       0       0
      Locals:         0       0       0       0
      Temps:          0       0       0       0
      Totals:         0       2       0       0
Total ram usage:        2 bytes
 Hardware stack levels used:    1
 Hardware stack levels required when called:    5
 This function calls:
		_lcd_send
 This function is called by:
		_main
 This function uses a non-reentrant model


 *************** function _lcd_on *****************
 Defined at:
		line 91 in file "LCD.c"
 Parameters:    Size  Location     Type
		None
 Auto vars:     Size  Location     Type
		None
 Return value:  Size  Location     Type
                  1    wreg      void 
 Registers used:
		wreg, fsr0l, fsr0h, status,2, status,0, pclath, cstack
 Tracked objects:
		On entry : 
		On exit  : 
		Unchanged: 
 Data sizes:     COMMON   BANK0   BANK1   BANK2
      Params:         0       0       0       0
      Locals:         0       0       0       0
      Temps:          0       1       0       0
      Totals:         0       1       0       0
Total ram usage:        1 bytes
 Hardware stack levels used:    1
 Hardware stack levels required when called:    5
 This function calls:
		_lcd_send
 This function is called by:
		_main
 This function uses a non-reentrant model


 *************** function _lcd_init *****************
 Defined at:
		line 33 in file "LCD.c"
 Parameters:    Size  Location     Type
  iodata          1    wreg     PTR void 
		 -> NULL(0), 
  cols            1    9[BANK0 ] unsigned char 
  rows            1   10[BANK0 ] unsigned char 
 Auto vars:     Size  Location     Type
  iodata          1   14[BANK0 ] PTR void 
		 -> NULL(0), 
 Return value:  Size  Location     Type
                  1    wreg      unsigned char 
 Registers used:
		wreg, fsr0l, fsr0h, status,2, status,0, pclath, cstack
 Tracked objects:
		On entry : 
		On exit  : 
		Unchanged: 
 Data sizes:     COMMON   BANK0   BANK1   BANK2
      Params:         0       2       0       0
      Locals:         0       1       0       0
      Temps:          0       3       0       0
      Totals:         0       6       0       0
Total ram usage:        6 bytes
 Hardware stack levels used:    1
 Hardware stack levels required when called:    5
 This function calls:
		_lcd_ioinit
		_lcd_iowrite4
		_lcd_send
 This function is called by:
		_main
 This function uses a non-reentrant model


 *************** function _lcd_ioinit *****************
 Defined at:
		line 48 in file "LCD-PIC16.c"
 Parameters:    Size  Location     Type
  iodata          1    wreg     PTR void 
		 -> NULL(0), 
 Auto vars:     Size  Location     Type
  iodata          1    3[BANK0 ] PTR void 
		 -> NULL(0), 
  i               1    4[BANK0 ] unsigned char 
 Return value:  Size  Location     Type
                  1    wreg      unsigned char 
 Registers used:
		wreg, fsr0l, fsr0h, status,2, status,0, pclath, cstack
 Tracked objects:
		On entry : 
		On exit  : 
		Unchanged: 
 Data sizes:     COMMON   BANK0   BANK1   BANK2
      Params:         0       0       0       0
      Locals:         0       2       0       0
      Temps:          0       1       0       0
      Totals:         0       3       0       0
Total ram usage:        3 bytes
 Hardware stack levels used:    1
 Hardware stack levels required when called:    3
 This function calls:
		_lcd_ioset
 This function is called by:
		_lcd_init
 This function uses a non-reentrant model


 *************** function _lcd_goto *****************
 Defined at:
		line 149 in file "LCD.c"
 Parameters:    Size  Location     Type
  col             1    wreg     unsigned char 
  row             1    9[BANK0 ] unsigned char 
 Auto vars:     Size  Location     Type
  col             1   11[BANK0 ] unsigned char 
 Return value:  Size  Location     Type
                  1    wreg      void 
 Registers used:
		wreg, fsr0l, fsr0h, status,2, status,0, pclath, cstack
 Tracked objects:
		On entry : 
		On exit  : 
		Unchanged: 
 Data sizes:     COMMON   BANK0   BANK1   BANK2
      Params:         0       1       0       0
      Locals:         0       1       0       0
      Temps:          0       1       0       0
      Totals:         0       3       0       0
Total ram usage:        3 bytes
 Hardware stack levels used:    1
 Hardware stack levels required when called:    5
 This function calls:
		_lcd_send
 This function is called by:
		_main
 This function uses a non-reentrant model


 *************** function _lcd_clear *****************
 Defined at:
		line 79 in file "LCD.c"
 Parameters:    Size  Location     Type
		None
 Auto vars:     Size  Location     Type
		None
 Return value:  Size  Location     Type
                  1    wreg      void 
 Registers used:
		wreg, fsr0l, fsr0h, status,2, status,0, pclath, cstack
 Tracked objects:
		On entry : 
		On exit  : 
		Unchanged: 
 Data sizes:     COMMON   BANK0   BANK1   BANK2
      Params:         0       0       0       0
      Locals:         0       0       0       0
      Temps:          0       2       0       0
      Totals:         0       2       0       0
Total ram usage:        2 bytes
 Hardware stack levels used:    1
 Hardware stack levels required when called:    5
 This function calls:
		_lcd_send
 This function is called by:
		_main
 This function uses a non-reentrant model


 *************** function _lcd_send *****************
 Defined at:
		line 160 in file "LCD.c"
 Parameters:    Size  Location     Type
  data            1    wreg     unsigned char 
  rs              1    6[BANK0 ] unsigned char 
 Auto vars:     Size  Location     Type
  data            1    8[BANK0 ] unsigned char 
 Return value:  Size  Location     Type
                  1    wreg      void 
 Registers used:
		wreg, fsr0l, fsr0h, status,2, status,0, pclath, cstack
 Tracked objects:
		On entry : 
		On exit  : 
		Unchanged: 
 Data sizes:     COMMON   BANK0   BANK1   BANK2
      Params:         0       1       0       0
      Locals:         0       1       0       0
      Temps:          0       1       0       0
      Totals:         0       3       0       0
Total ram usage:        3 bytes
 Hardware stack levels used:    1
 Hardware stack levels required when called:    4
 This function calls:
		_lcd_ioset
		_lcd_iowrite4
		_lcd_iowrite8
 This function is called by:
		_lcd_init
		_lcd_clear
		_lcd_on
		_lcd_goto
		_lcd_puts
		_lcd_home
		_lcd_off
		_lcd_cursor
		_lcd_cursor_left
		_lcd_cursor_right
		_lcd_scroll_left
		_lcd_scroll_right
		_lcd_autoscroll_on
		_lcd_autoscroll_off
		_lcd_create_char
 This function uses a non-reentrant model


 *************** function _lcd_iowrite8 *****************
 Defined at:
		line 143 in file "LCD-PIC16.c"
 Parameters:    Size  Location     Type
  data            1    wreg     unsigned char 
 Auto vars:     Size  Location     Type
  data            1    0[COMMON] unsigned char 
 Return value:  Size  Location     Type
                  1    wreg      void 
 Registers used:
		wreg
 Tracked objects:
		On entry : 
		On exit  : 
		Unchanged: 
 Data sizes:     COMMON   BANK0   BANK1   BANK2
      Params:         0       0       0       0
      Locals:         0       0       0       0
      Temps:          0       0       0       0
      Totals:         0       0       0       0
Total ram usage:        0 bytes
 Hardware stack levels used:    1
 Hardware stack levels required when called:    2
 This function calls:
		Nothing
 This function is called by:
		_lcd_send
 This function uses a non-reentrant model


 *************** function _lcd_iowrite4 *****************
 Defined at:
		line 129 in file "LCD-PIC16.c"
 Parameters:    Size  Location     Type
  data            1    wreg     unsigned char 
 Auto vars:     Size  Location     Type
  data            1    4[BANK0 ] unsigned char 
  i               1    5[BANK0 ] unsigned char 
 Return value:  Size  Location     Type
                  1    wreg      void 
 Registers used:
		wreg, fsr0l, fsr0h, status,2, status,0, pclath, cstack
 Tracked objects:
		On entry : 
		On exit  : 
		Unchanged: 
 Data sizes:     COMMON   BANK0   BANK1   BANK2
      Params:         0       0       0       0
      Locals:         0       2       0       0
      Temps:          0       2       0       0
      Totals:         0       4       0       0
Total ram usage:        4 bytes
 Hardware stack levels used:    1
 Hardware stack levels required when called:    3
 This function calls:
		_lcd_ioset
 This function is called by:
		_lcd_init
		_lcd_send
 This function uses a non-reentrant model


 *************** function _lcd_ioset *****************
 Defined at:
		line 86 in file "LCD-PIC16.c"
 Parameters:    Size  Location     Type
  pin             1    wreg     enum E42
  out             1    0[BANK0 ] unsigned char 
 Auto vars:     Size  Location     Type
  pin             1    1[BANK0 ] enum E42
 Return value:  Size  Location     Type
                  1    wreg      void 
 Registers used:
		wreg, fsr0l, fsr0h, status,2, status,0
 Tracked objects:
		On entry : 
		On exit  : 
		Unchanged: 
 Data sizes:     COMMON   BANK0   BANK1   BANK2
      Params:         0       1       0       0
      Locals:         0       1       0       0
      Temps:          0       0       0       0
      Totals:         0       2       0       0
Total ram usage:        2 bytes
 Hardware stack levels used:    1
 Hardware stack levels required when called:    2
 This function calls:
		Nothing
 This function is called by:
		_lcd_ioinit
		_lcd_iowrite4
		_lcd_send
 This function uses a non-reentrant model


 *************** function _Trigger *****************
 Defined at:
		line 39 in file "Funciones.c"
 Parameters:    Size  Location     Type
		None
 Auto vars:     Size  Location     Type
		None
 Return value:  Size  Location     Type
                  1    wreg      void 
 Registers used:
		wreg
 Tracked objects:
		On entry : 
		On exit  : 
		Unchanged: 
 Data sizes:     COMMON   BANK0   BANK1   BANK2
      Params:         0       0       0       0
      Locals:         0       0       0       0
      Temps:          0       1       0       0
      Totals:         0       1       0       0
Total ram usage:        1 bytes
 Hardware stack levels used:    1
 Hardware stack levels required when called:    2
 This function calls:
		Nothing
 This function is called by:
		_main
 This function uses a non-reentrant model


 *************** function _Inicializaciones *****************
 Defined at:
		line 7 in file "Funciones.c"
 Parameters:    Size  Location     Type
		None
 Auto vars:     Size  Location     Type
		None
 Return value:  Size  Location     Type
                  1    wreg      void 
 Registers used:
		wreg, status,2
 Tracked objects:
		On entry : 
		On exit  : 
		Unchanged: 
 Data sizes:     COMMON   BANK0   BANK1   BANK2
      Params:         0       0       0       0
      Locals:         0       0       0       0
      Temps:          0       0       0       0
      Totals:         0       0       0       0
Total ram usage:        0 bytes
 Hardware stack levels used:    1
 Hardware stack levels required when called:    2
 This function calls:
		Nothing
 This function is called by:
		_main
 This function uses a non-reentrant model


 *************** function _echo *****************
 Defined at:
		line 63 in file "main.c"
 Parameters:    Size  Location     Type
		None
 Auto vars:     Size  Location     Type
		None
 Return value:  Size  Location     Type
                  1    wreg      void 
 Registers used:
		wreg, status,2, status,0, pclath, cstack
 Tracked objects:
		On entry : 
		On exit  : 
		Unchanged: 
 Data sizes:     COMMON   BANK0   BANK1   BANK2
      Params:         0       0       0       0
      Locals:         0       0       0       0
      Temps:          4       0       0       0
      Totals:         4       0       0       0
Total ram usage:        4 bytes
 Hardware stack levels used:    1
 Hardware stack levels required when called:    1
 This function calls:
		i1___lwdiv
 This function is called by:
		Interrupt level 1
 This function uses a non-reentrant model


 *************** function i1___lwdiv *****************
 Defined at:
		line 6 in file "C:\Program Files (x86)\Microchip\xc8\v1.36\sources\common\lwdiv.c"
 Parameters:    Size  Location     Type
  divisor         2    0[COMMON] unsigned int 
  dividend        2    2[COMMON] unsigned int 
 Auto vars:     Size  Location     Type
  __lwdiv         2    5[COMMON] unsigned int 
  __lwdiv         1    7[COMMON] unsigned char 
 Return value:  Size  Location     Type
                  2    0[COMMON] unsigned int 
 Registers used:
		wreg, status,2, status,0
 Tracked objects:
		On entry : 
		On exit  : 
		Unchanged: 
 Data sizes:     COMMON   BANK0   BANK1   BANK2
      Params:         4       0       0       0
      Locals:         3       0       0       0
      Temps:          1       0       0       0
      Totals:         8       0       0       0
Total ram usage:        8 bytes
 Hardware stack levels used:    1
 This function calls:
		Nothing
 This function is called by:
		_echo
 This function uses a non-reentrant model



MODULE INFORMATION

Module		Function		Class		Link	Load	Size
LCD-PIC16.c
		_lcd_ioset     		CODE           	01B7	0000	89
		_lcd_ioinit    		CODE           	0405	0000	36
		_lcd_iowrite4  		CODE           	025F	0000	67
		_lcd_iowrite8  		CODE           	049B	0000	2

LCD-PIC16.c estimated size: 194

C:\Program Files (x86)\Microchip\xc8\v1.36\sources\common\doprnt.c
		_sprintf       		CODE           	00F1	0000	199

C:\Program Files (x86)\Microchip\xc8\v1.36\sources\common\doprnt.c estimated size: 199

Funciones.c
		_Inicializaciones		CODE           	03B1	0000	45
		_Trigger       		CODE           	048D	0000	13

Funciones.c estimated size: 58

C:\Program Files (x86)\Microchip\xc8\v1.36\sources\common\lwmod.c
		___lwmod       		CODE           	0350	0000	53

C:\Program Files (x86)\Microchip\xc8\v1.36\sources\common\lwmod.c estimated size: 53

shared
		__stringtab    		STRING         	0384	0000	17
		_rowaddr       		STRING         	039E	0000	5
		i1___lwdiv     		CODE           	02DF	0000	61
		_dpowers       		STRING         	0394	0000	11
		__initialization		CODE           	0013	0000	11

shared estimated size: 105

main.c
		_echo          		CODE           	03DD	0000	41
		_main          		CODE           	020F	0000	81

main.c estimated size: 122

C:\Program Files (x86)\Microchip\xc8\v1.36\sources\common\lwdiv.c
		___lwdiv       		CODE           	02A1	0000	63

C:\Program Files (x86)\Microchip\xc8\v1.36\sources\common\lwdiv.c estimated size: 63

LCD.c
		_lcd_send      		CODE           	031B	0000	54
		_lcd_puts      		CODE           	0428	0000	34
		_lcd_clear     		CODE           	046A	0000	20
		_lcd_goto      		CODE           	0449	0000	34
		_lcd_on        		CODE           	047D	0000	17
		_lcd_init      		CODE           	0020	0000	210

LCD.c estimated size: 369

